Archive member included to satisfy reference by file (symbol)

c:/nxp/mcuxpressoide_10.0.2_411/ide/tools/bin/../lib/gcc/arm-none-eabi/5.4.1/../../../../arm-none-eabi/lib/armv6-m\libm.a(lib_a-s_round.o)
                              ./framework/XCVR/MKW41Z4/fsl_xcvr.o (round)
c:/nxp/mcuxpressoide_10.0.2_411/ide/tools/bin/../lib/gcc/arm-none-eabi/5.4.1/../../../../arm-none-eabi/lib/armv6-m\libm.a(lib_a-s_trunc.o)
                              ./framework/XCVR/MKW41Z4/fsl_xcvr.o (trunc)
c:/nxp/mcuxpressoide_10.0.2_411/ide/tools/bin/../lib/gcc/arm-none-eabi/5.4.1/../../../../arm-none-eabi/lib/armv6-m\libm.a(lib_a-sf_round.o)
                              ./framework/XCVR/MKW41Z4/fsl_xcvr_trim.o (roundf)
c:/nxp/mcuxpressoide_10.0.2_411/ide/tools/bin/../lib/gcc/arm-none-eabi/5.4.1/../../../../arm-none-eabi/lib/armv6-m\libc.a(lib_a-exit.o)
                              c:/nxp/mcuxpressoide_10.0.2_411/ide/tools/bin/../lib/gcc/arm-none-eabi/5.4.1/../../../../arm-none-eabi/lib/armv6-m/crt0.o (exit)
c:/nxp/mcuxpressoide_10.0.2_411/ide/tools/bin/../lib/gcc/arm-none-eabi/5.4.1/../../../../arm-none-eabi/lib/armv6-m\libc.a(lib_a-impure.o)
                              c:/nxp/mcuxpressoide_10.0.2_411/ide/tools/bin/../lib/gcc/arm-none-eabi/5.4.1/../../../../arm-none-eabi/lib/armv6-m\libc.a(lib_a-exit.o) (_global_impure_ptr)
c:/nxp/mcuxpressoide_10.0.2_411/ide/tools/bin/../lib/gcc/arm-none-eabi/5.4.1/../../../../arm-none-eabi/lib/armv6-m\libc.a(lib_a-init.o)
                              c:/nxp/mcuxpressoide_10.0.2_411/ide/tools/bin/../lib/gcc/arm-none-eabi/5.4.1/../../../../arm-none-eabi/lib/armv6-m/crt0.o (__libc_init_array)
c:/nxp/mcuxpressoide_10.0.2_411/ide/tools/bin/../lib/gcc/arm-none-eabi/5.4.1/../../../../arm-none-eabi/lib/armv6-m\libc.a(lib_a-memcpy-stub.o)
                              ./source/ppp-webserver.o (memcpy)
c:/nxp/mcuxpressoide_10.0.2_411/ide/tools/bin/../lib/gcc/arm-none-eabi/5.4.1/../../../../arm-none-eabi/lib/armv6-m\libc.a(lib_a-memset.o)
                              c:/nxp/mcuxpressoide_10.0.2_411/ide/tools/bin/../lib/gcc/arm-none-eabi/5.4.1/../../../../arm-none-eabi/lib/armv6-m/crt0.o (memset)
c:/nxp/mcuxpressoide_10.0.2_411/ide/tools/bin/../lib/gcc/arm-none-eabi/5.4.1/../../../../arm-none-eabi/lib/armv6-m\libc.a(lib_a-snprintf.o)
                              ./source/ppp-webserver.o (snprintf)
c:/nxp/mcuxpressoide_10.0.2_411/ide/tools/bin/../lib/gcc/arm-none-eabi/5.4.1/../../../../arm-none-eabi/lib/armv6-m\libc.a(lib_a-sprintf.o)
                              ./source/ppp-webserver.o (sprintf)
c:/nxp/mcuxpressoide_10.0.2_411/ide/tools/bin/../lib/gcc/arm-none-eabi/5.4.1/../../../../arm-none-eabi/lib/armv6-m\libc.a(lib_a-strlen-stub.o)
                              ./utilities/fsl_debug_console.o (strlen)
c:/nxp/mcuxpressoide_10.0.2_411/ide/tools/bin/../lib/gcc/arm-none-eabi/5.4.1/../../../../arm-none-eabi/lib/armv6-m\libc.a(lib_a-strncmp.o)
                              ./source/ppp-webserver.o (strncmp)
c:/nxp/mcuxpressoide_10.0.2_411/ide/tools/bin/../lib/gcc/arm-none-eabi/5.4.1/../../../../arm-none-eabi/lib/armv6-m\libc.a(lib_a-strstr.o)
                              ./source/ppp-webserver.o (strstr)
c:/nxp/mcuxpressoide_10.0.2_411/ide/tools/bin/../lib/gcc/arm-none-eabi/5.4.1/../../../../arm-none-eabi/lib/armv6-m\libc.a(lib_a-svfprintf.o)
                              c:/nxp/mcuxpressoide_10.0.2_411/ide/tools/bin/../lib/gcc/arm-none-eabi/5.4.1/../../../../arm-none-eabi/lib/armv6-m\libc.a(lib_a-snprintf.o) (_svfprintf_r)
c:/nxp/mcuxpressoide_10.0.2_411/ide/tools/bin/../lib/gcc/arm-none-eabi/5.4.1/../../../../arm-none-eabi/lib/armv6-m\libc.a(lib_a-__call_atexit.o)
                              c:/nxp/mcuxpressoide_10.0.2_411/ide/tools/bin/../lib/gcc/arm-none-eabi/5.4.1/../../../../arm-none-eabi/lib/armv6-m\libc.a(lib_a-exit.o) (__call_exitprocs)
c:/nxp/mcuxpressoide_10.0.2_411/ide/tools/bin/../lib/gcc/arm-none-eabi/5.4.1/../../../../arm-none-eabi/lib/armv6-m\libc.a(lib_a-atexit.o)
                              c:/nxp/mcuxpressoide_10.0.2_411/ide/tools/bin/../lib/gcc/arm-none-eabi/5.4.1/../../../../arm-none-eabi/lib/armv6-m\libc.a(lib_a-__call_atexit.o) (atexit)
c:/nxp/mcuxpressoide_10.0.2_411/ide/tools/bin/../lib/gcc/arm-none-eabi/5.4.1/../../../../arm-none-eabi/lib/armv6-m\libc.a(lib_a-dtoa.o)
                              c:/nxp/mcuxpressoide_10.0.2_411/ide/tools/bin/../lib/gcc/arm-none-eabi/5.4.1/../../../../arm-none-eabi/lib/armv6-m\libc.a(lib_a-svfprintf.o) (_dtoa_r)
c:/nxp/mcuxpressoide_10.0.2_411/ide/tools/bin/../lib/gcc/arm-none-eabi/5.4.1/../../../../arm-none-eabi/lib/armv6-m\libc.a(lib_a-fini.o)
                              c:/nxp/mcuxpressoide_10.0.2_411/ide/tools/bin/../lib/gcc/arm-none-eabi/5.4.1/../../../../arm-none-eabi/lib/armv6-m\libc.a(lib_a-__call_atexit.o) (__libc_fini_array)
c:/nxp/mcuxpressoide_10.0.2_411/ide/tools/bin/../lib/gcc/arm-none-eabi/5.4.1/../../../../arm-none-eabi/lib/armv6-m\libc.a(lib_a-localeconv.o)
[...]
Memory Configuration

Name             Origin             Length             Attributes
TEXT_region1     0x00000000         0x00000400         xr
m_flash_config_region 0x00000400         0x00000010         xr
TEXT_region2     0x00000411         0x0007f3ee         xr
DATA_region      0x1fff8000         0x00020000         rw
PRODUCT_INFO_region 0x0007f800         0x000007ff         xr
*default*        0x00000000         0xffffffff

Linker script and memory map

LOAD c:/nxp/mcuxpressoide_10.0.2_411/ide/tools/bin/../lib/gcc/arm-none-eabi/5.4.1/armv6-m/crti.o
LOAD c:/nxp/mcuxpressoide_10.0.2_411/ide/tools/bin/../lib/gcc/arm-none-eabi/5.4.1/armv6-m/crtbegin.o
LOAD c:/nxp/mcuxpressoide_10.0.2_411/ide/tools/bin/../lib/gcc/arm-none-eabi/5.4.1/../../../../arm-none-eabi/lib/armv6-m/crt0.o
LOAD ./utilities/fsl_debug_console.o
LOAD ./startup/startup_MKW41Z4.o
LOAD ./source/genfsk.o
LOAD ./source/led_radio.o
LOAD ./source/ppp-webserver.o
LOAD ./source/sha1.o
LOAD ./genfsk/genfsk_isr.o
LOAD ./genfsk/genfsk_ll.o
LOAD ./genfsk/genfsk_time.o
LOAD ./genfsk/genfsk_utils.o
LOAD ./freertos/croutine.o
LOAD ./freertos/event_groups.o
LOAD ./freertos/fsl_tickless_lptmr.o
LOAD ./freertos/fsl_tickless_systick.o
LOAD ./freertos/heap_4.o
LOAD ./freertos/list.o
LOAD ./freertos/port.o
LOAD ./freertos/queue.o
LOAD ./freertos/tasks.o
LOAD ./freertos/timers.o
LOAD ./framework/XCVR/MKW41Z4/cfgs_kw4x_3x_2x/fsl_xcvr_ant_config.o
LOAD ./framework/XCVR/MKW41Z4/cfgs_kw4x_3x_2x/fsl_xcvr_ble_config.o
LOAD ./framework/XCVR/MKW41Z4/cfgs_kw4x_3x_2x/fsl_xcvr_common_config.o
LOAD ./framework/XCVR/MKW41Z4/cfgs_kw4x_3x_2x/fsl_xcvr_gfsk_bt_0p3_h_0p5_config.o
LOAD ./framework/XCVR/MKW41Z4/cfgs_kw4x_3x_2x/fsl_xcvr_gfsk_bt_0p5_h_0p32_config.o
LOAD ./framework/XCVR/MKW41Z4/cfgs_kw4x_3x_2x/fsl_xcvr_gfsk_bt_0p5_h_0p5_config.o
LOAD ./framework/XCVR/MKW41Z4/cfgs_kw4x_3x_2x/fsl_xcvr_gfsk_bt_0p5_h_0p7_config.o
LOAD ./framework/XCVR/MKW41Z4/cfgs_kw4x_3x_2x/fsl_xcvr_gfsk_bt_0p5_h_1p0_config.o
LOAD ./framework/XCVR/MKW41Z4/cfgs_kw4x_3x_2x/fsl_xcvr_gfsk_bt_0p7_h_0p5_config.o
LOAD ./framework/XCVR/MKW41Z4/cfgs_kw4x_3x_2x/fsl_xcvr_mode_datarate_config.o
LOAD ./framework/XCVR/MKW41Z4/cfgs_kw4x_3x_2x/fsl_xcvr_msk_config.o
LOAD ./framework/XCVR/MKW41Z4/cfgs_kw4x_3x_2x/fsl_xcvr_zgbe_config.o
LOAD ./framework/XCVR/MKW41Z4/XCVR_Test/xcvr_test_fsk.o
LOAD ./framework/XCVR/MKW41Z4/dbg_ram_capture.o
LOAD ./framework/XCVR/MKW41Z4/fsl_xcvr.o
LOAD ./framework/XCVR/MKW41Z4/fsl_xcvr_trim.o
LOAD ./framework/XCVR/MKW41Z4/ifr_radio.o
LOAD ./framework/TimersManager/Source/TMR_Adapter.o
LOAD ./framework/TimersManager/Source/TimersManager.o
LOAD ./framework/SerialManager/Source/UART_Adapter/UART_Adapter.o
LOAD ./framework/SerialManager/Source/SPI_Adapter/SPI_Adapter.o
LOAD ./framework/SerialManager/Source/I2C_Adapter/I2C_Adapter.o
LOAD ./framework/SerialManager/Source/SerialManager.o
LOAD ./framework/SecLib/SecLib.o
LOAD ./framework/Reset/Reset.o
LOAD ./framework/RNG/Source/RNG.o
LOAD ./framework/Panic/Source/Panic.o
LOAD ./framework/OSAbstraction/Source/fsl_os_abstraction_free_rtos.o
LOAD ./framework/ModuleInfo/ModuleInfo.o
LOAD ./framework/Messaging/Source/Messaging.o
LOAD ./framework/MemManager/Source/MemManager.o
LOAD ./framework/MWSCoexistence/Source/MWS.o
LOAD ./framework/LowPower/Source/MKW41Z/PWR.o
LOAD ./framework/LowPower/Source/MKW41Z/PWRLib.o
LOAD ./framework/Lists/GenericList.o
LOAD ./framework/LED/Source/LED.o
LOAD ./framework/Keyboard/Source/Keyboard.o
LOAD ./framework/GPIO/GPIO_Adapter.o
LOAD ./framework/FunctionLib/FunctionLib.o
LOAD ./framework/Flash/Internal/Flash_Adapter.o
LOAD ./framework/DCDC/Source/DCDC.o
LOAD ./drivers/fsl_adc16.o
LOAD ./drivers/fsl_clock.o
LOAD ./drivers/fsl_common.o
LOAD ./drivers/fsl_dspi.o
LOAD ./drivers/fsl_dspi_freertos.o
LOAD ./drivers/fsl_flash.o
LOAD ./drivers/fsl_gpio.o
LOAD ./drivers/fsl_i2c.o
LOAD ./drivers/fsl_i2c_freertos.o
LOAD ./drivers/fsl_llwu.o
LOAD ./drivers/fsl_lptmr.o
LOAD ./drivers/fsl_lpuart.o
LOAD ./drivers/fsl_lpuart_freertos.o
LOAD ./drivers/fsl_ltc.o
LOAD ./drivers/fsl_pmc.o
LOAD ./drivers/fsl_rtc.o
LOAD ./drivers/fsl_smc.o
LOAD ./drivers/fsl_tpm.o
LOAD ./drivers/fsl_trng.o
LOAD ./board/board.o
LOAD ./board/clock_config.o
LOAD ./board/gpio_pins.o
LOAD ./board/pin_mux.o
LOAD ./CMSIS/system_MKW41Z4.o
LOAD c:/nxp/mcuxpressoide_10.0.2_411/ide/tools/bin/../lib/gcc/arm-none-eabi/5.4.1/../../../../arm-none-eabi/lib/armv6-m\libm.a
LOAD c:/nxp/mcuxpressoide_10.0.2_411/ide/tools/bin/../lib/gcc/arm-none-eabi/5.4.1/../../../../arm-none-eabi/lib/armv6-m\libc.a
LOAD c:/nxp/mcuxpressoide_10.0.2_411/ide/tools/bin/../lib/gcc/arm-none-eabi/5.4.1/armv6-m\libgcc.a
LOAD c:/nxp/mcuxpressoide_10.0.2_411/ide/tools/bin/../lib/gcc/arm-none-eabi/5.4.1/../../../../arm-none-eabi/lib/armv6-m\libnosys.a
LOAD C:\Users\Samuel Mott\Documents\RTSLab3\libs\lib_crypto_m0.a
START GROUP
LOAD c:/nxp/mcuxpressoide_10.0.2_411/ide/tools/bin/../lib/gcc/arm-none-eabi/5.4.1/armv6-m\libgcc.a
LOAD c:/nxp/mcuxpressoide_10.0.2_411/ide/tools/bin/../lib/gcc/arm-none-eabi/5.4.1/../../../../arm-none-eabi/lib/armv6-m\libc.a
END GROUP
LOAD c:/nxp/mcuxpressoide_10.0.2_411/ide/tools/bin/../lib/gcc/arm-none-eabi/5.4.1/armv6-m/crtend.o
LOAD c:/nxp/mcuxpressoide_10.0.2_411/ide/tools/bin/../lib/gcc/arm-none-eabi/5.4.1/armv6-m/crtn.o
                0x1fff8000                _RAM_START_ = 0x1fff8000
                0x20017fff                _RAM_END_ = 0x20017fff
                0x0007f800                FREESCALE_PROD_DATA_BASE_ADDR = 0x7f800
                0x000000c0                __RAM_VECTOR_TABLE_SIZE = 0xc0
                0x20017dea                __BOOT_STACK_ADDRESS = 0x20017dea
                0x1ffffffb                __dummy_start = 0x1ffffffb

.interrupts     0x00000000       0xc0
                0x00000000                __VECTOR_TABLE = .
                0x00000000                . = ALIGN (0x4)
 *(.isr_vector)
 .isr_vector    0x00000000       0xc0 ./startup/startup_MKW41Z4.o
                0x00000000                __isr_vector
                0x000000c0                . = ALIGN (0x4)

.freescale_prod_data
                0x0007f800        0x0
                0x0007f800                . = ALIGN (0x4)
 *(.FREESCALE_PROD_DATA)
                0x0007f800                . = ALIGN (0x4)

.flash_config   0x00000400       0x10
                0x00000400                . = ALIGN (0x4)
 *(.FlashConfig)
 .FlashConfig   0x00000400       0x10 ./startup/startup_MKW41Z4.o
                0x00000410                . = ALIGN (0x4)

.text           0x00000420    0x14a88
                0x00000420                . = ALIGN (0x4)
 *(.text)
 .text          0x00000420       0x60 c:/nxp/mcuxpressoide_10.0.2_411/ide/tools/bin/../lib/gcc/arm-none-eabi/5.4.1/armv6-m/crtbegin.o
 .text          0x00000480       0x78 c:/nxp/mcuxpressoide_10.0.2_411/ide/tools/bin/../lib/gcc/arm-none-eabi/5.4.1/../../../../arm-none-eabi/lib/armv6-m/crt0.o
                0x00000480                _start
                0x00000480                _mainCRTStartup
 .text          0x000004f8       0xc0 ./startup/startup_MKW41Z4.o
                0x000004f8                Reset_Handler
                0x00000540                Radio_0_IRQHandler
                0x00000540                DMA0_DriverIRQHandler
                0x00000540                CMP0_IRQHandler
                0x00000540                DMA2_DriverIRQHandler
                0x00000540                LPTMR0_IRQHandler
                0x00000540                TPM0_IRQHandler
                0x00000540                Radio_1_IRQHandler
                0x00000540                LLWU_IRQHandler
                0x00000540                TSI0_IRQHandler
                0x00000540                ADC0_IRQHandler
                0x00000540                CMT_IRQHandler
                0x00000540                FTFA_IRQHandler
                0x00000540                DefaultISR
                0x00000540                PORTB_PORTC_IRQHandler
                0x00000540                TPM2_IRQHandler
                0x00000540                RTC_IRQHandler
                0x00000540                LVD_LVW_DCDC_IRQHandler
                0x00000540                DMA3_DriverIRQHandler
                0x00000540                RTC_Seconds_IRQHandler
                0x00000540                MCG_IRQHandler
                0x00000540                TRNG0_IRQHandler
                0x00000540                Reserved20_IRQHandler
                0x00000540                LTC0_IRQHandler
                0x00000540                PIT_IRQHandler
                0x00000540                DMA1_DriverIRQHandler
                0x00000540                PORTA_IRQHandler
                0x00000540                TPM1_IRQHandler
                0x00000540                DAC0_IRQHandler
                0x00000548                HardFault_Handler
                0x00000558                DMA0_IRQHandler
                0x0000055c                DMA1_IRQHandler
                0x00000560                DMA2_IRQHandler
                0x00000564                DMA3_IRQHandler
                0x00000568                I2C0_IRQHandler
                0x0000056c                I2C1_IRQHandler
                0x00000570                SPI0_IRQHandler
                0x00000574                LPUART0_IRQHandler
                0x00000578                SPI1_IRQHandler
 .text          0x000005b8      0x114 c:/nxp/mcuxpressoide_10.0.2_411/ide/tools/bin/../lib/gcc/arm-none-eabi/5.4.1/armv6-m\libgcc.a(_udivsi3.o)
                0x000005b8                __aeabi_uidiv
                0x000005b8                __udivsi3
                0x000006c4                __aeabi_uidivmod
 .text          0x000006cc      0x1d4 c:/nxp/mcuxpressoide_10.0.2_411/ide/tools/bin/../lib/gcc/arm-none-eabi/5.4.1/armv6-m\libgcc.a(_divsi3.o)
                0x000006cc                __divsi3
                0x000006cc                __aeabi_idiv
                0x00000898                __aeabi_idivmod
 .text          0x000008a0        0x4 c:/nxp/mcuxpressoide_10.0.2_411/ide/tools/bin/../lib/gcc/arm-none-eabi/5.4.1/armv6-m\libgcc.a(_dvmd_tls.o)
                0x000008a0                __aeabi_idiv0
                0x000008a0                __aeabi_ldiv0
 .text          0x000008a4       0x74 c:/nxp/mcuxpressoide_10.0.2_411/ide/tools/bin/../lib/gcc/arm-none-eabi/5.4.1/armv6-m\libgcc.a(_arm_cmpsf2.o)
                0x000008a4                __aeabi_cfrcmple
                0x000008ac                __aeabi_cfcmpeq
                0x000008ac                __aeabi_cfcmple
                0x000008bc                __aeabi_fcmpeq
                0x000008c8                __aeabi_fcmplt
                0x000008dc                __aeabi_fcmple
                0x000008f0                __aeabi_fcmpgt
                0x00000904                __aeabi_fcmpge
 .text          0x00000918       0x40 c:/nxp/mcuxpressoide_10.0.2_411/ide/tools/bin/../lib/gcc/arm-none-eabi/5.4.1/armv6-m\libgcc.a(_aeabi_uldivmod.o)
                0x00000918                __aeabi_uldivmod
 .text          0x00000958       0x58 c:/nxp/mcuxpressoide_10.0.2_411/ide/tools/bin/../lib/gcc/arm-none-eabi/5.4.1/armv6-m\libgcc.a(_muldi3.o)
                0x00000958                __muldi3
                0x00000958                __aeabi_lmul
 .text          0x000009b0       0x30 c:/nxp/mcuxpressoide_10.0.2_411/ide/tools/bin/../lib/gcc/arm-none-eabi/5.4.1/armv6-m\libgcc.a(_fixunssfsi.o)
                0x000009b0                __fixunssfsi
                0x000009b0                __aeabi_f2uiz
 .text          0x000009e0      0x180 c:/nxp/mcuxpressoide_10.0.2_411/ide/tools/bin/../lib/gcc/arm-none-eabi/5.4.1/armv6-m\libgcc.a(_udivmoddi4.o)
                0x000009e0                __udivmoddi4
 .text          0x00000b60      0x2ec c:/nxp/mcuxpressoide_10.0.2_411/ide/tools/bin/../lib/gcc/arm-none-eabi/5.4.1/armv6-m\libgcc.a(addsf3.o)
                0x00000b60                __aeabi_fadd
 .text          0x00000e4c      0x234 c:/nxp/mcuxpressoide_10.0.2_411/ide/tools/bin/../lib/gcc/arm-none-eabi/5.4.1/armv6-m\libgcc.a(divsf3.o)
                0x00000e4c                __aeabi_fdiv
 .text          0x00001080       0x50 c:/nxp/mcuxpressoide_10.0.2_411/ide/tools/bin/../lib/gcc/arm-none-eabi/5.4.1/armv6-m\libgcc.a(eqsf2.o)
                0x00001080                __eqsf2
                0x00001080                __nesf2
 .text          0x000010d0       0x88 c:/nxp/mcuxpressoide_10.0.2_411/ide/tools/bin/../lib/gcc/arm-none-eabi/5.4.1/armv6-m\libgcc.a(gesf2.o)
                0x000010d0                __gesf2
                0x000010d0                __gtsf2
 .text          0x00001158       0x88 c:/nxp/mcuxpressoide_10.0.2_411/ide/tools/bin/../lib/gcc/arm-none-eabi/5.4.1/armv6-m\libgcc.a(lesf2.o)
                0x00001158                __ltsf2
                0x00001158                __lesf2
 .text          0x000011e0      0x228 c:/nxp/mcuxpressoide_10.0.2_411/ide/tools/bin/../lib/gcc/arm-none-eabi/5.4.1/armv6-m\libgcc.a(mulsf3.o)
                0x000011e0                __aeabi_fmul
 .text          0x00001408      0x30c c:/nxp/mcuxpressoide_10.0.2_411/ide/tools/bin/../lib/gcc/arm-none-eabi/5.4.1/armv6-m\libgcc.a(subsf3.o)
                0x00001408                __aeabi_fsub
 .text          0x00001714       0x44 c:/nxp/mcuxpressoide_10.0.2_411/ide/tools/bin/../lib/gcc/arm-none-eabi/5.4.1/armv6-m\libgcc.a(fixsfsi.o)
                0x00001714                __aeabi_f2iz
 .text          0x00001758       0x90 c:/nxp/mcuxpressoide_10.0.2_411/ide/tools/bin/../lib/gcc/arm-none-eabi/5.4.1/armv6-m\libgcc.a(floatsisf.o)
                0x00001758                __aeabi_i2f
 .text          0x000017e8       0x7c c:/nxp/mcuxpressoide_10.0.2_411/ide/tools/bin/../lib/gcc/arm-none-eabi/5.4.1/armv6-m\libgcc.a(floatunsisf.o)
                0x000017e8                __aeabi_ui2f
 .text          0x00001864       0x3c c:/nxp/mcuxpressoide_10.0.2_411/ide/tools/bin/../lib/gcc/arm-none-eabi/5.4.1/armv6-m\libgcc.a(_clzsi2.o)
                0x00001864                __clzsi2
 .text          0x000018a0       0x18 c:/nxp/mcuxpressoide_10.0.2_411/ide/tools/bin/../lib/gcc/arm-none-eabi/5.4.1/armv6-m\libgcc.a(_clzdi2.o)
                0x000018a0                __clzdi2
 .text          0x000018b8       0x38 C:\Users\Samuel Mott\Documents\RTSLab3\libs\lib_crypto_m0.a(SW_RNG.o)
                0x000018b8                SecLib_set_rng_seed
                0x000018c8                SecLib_get_random
 *(.text*)
 .text.DbgConsole_Printf
                0x000018f0       0x44 ./utilities/fsl_debug_console.o
                0x000018f0                DbgConsole_Printf
 .text.DbgConsole_Putchar
                0x00001934       0x34 ./utilities/fsl_debug_console.o
                0x00001934                DbgConsole_Putchar
 .text.DbgConsole_PrintfPaddingCharacter
                0x00001968       0x48 ./utilities/fsl_debug_console.o
 .text.DbgConsole_ConvertRadixNumToString
                0x000019b0      0x114 ./utilities/fsl_debug_console.o
 .text.DbgConsole_PrintfFormattedData
                0x00001ac4      0x334 ./utilities/fsl_debug_console.o
 .text.GenFskInit
                0x00001df8      0x1c0 ./source/genfsk.o
                0x00001df8                GenFskInit
 .text.Genfsk_Receive
                0x00001fb8      0x290 ./source/genfsk.o
                0x00001fb8                Genfsk_Receive
 .text.Genfsk_Send
                0x00002248      0x150 ./source/genfsk.o
                0x00002248                Genfsk_Send
 .text.main_task
                0x00002398      0x154 ./source/led_radio.o
                0x00002398                main_task
 .text.App_HandleEvents
                0x000024ec       0x98 ./source/led_radio.o
 .text.App_GenFskReceiveCallback
                0x00002584       0x60 ./source/led_radio.o
 .text.App_GenFskEventNotificationCallback
                0x000025e4       0x6c ./source/led_radio.o
 .text.App_SerialCallback
                0x00002650       0x20 ./source/led_radio.o
 .text.App_NotifyAppThread
                0x00002670        0xc ./source/led_radio.o
 .text.App_TimerCallback
                0x0000267c       0x20 ./source/led_radio.o
 .text.NVIC_EnableIRQ
                0x0000269c       0x2c ./genfsk/genfsk_isr.o
 .text.NVIC_ClearPendingIRQ
                0x000026c8       0x30 ./genfsk/genfsk_isr.o
 .text.NVIC_SetPriority
                0x000026f8       0xdc ./genfsk/genfsk_isr.o
 .text.GENFSK_UnprotectFromXcvrInterrupt
                0x000027d4       0x58 ./genfsk/genfsk_isr.o
                0x000027d4                GENFSK_UnprotectFromXcvrInterrupt
 .text.GENFSK_DisableInterrupts
                0x0000282c       0x68 ./genfsk/genfsk_isr.o
                0x0000282c                GENFSK_DisableInterrupts
 .text.GENFSK_EnableInterrupts
                0x00002894       0x68 ./genfsk/genfsk_isr.o
                0x00002894                GENFSK_EnableInterrupts
 .text.PWRLib_ClearRSIMDsmInt
                0x000028fc        0xc ./genfsk/genfsk_isr.o
                0x000028fc                PWRLib_ClearRSIMDsmInt
 .text.GENFSK_InterruptHandler
                0x00002908      0x2b0 ./genfsk/genfsk_isr.o
                0x00002908                GENFSK_InterruptHandler
 .text.GENFSK_InstallInterrupt
                0x00002bb8       0x54 ./genfsk/genfsk_isr.o
                0x00002bb8                GENFSK_InstallInterrupt
 .text.GENFSK_Command
                0x00002c0c       0x20 ./genfsk/genfsk_ll.o
 .text.GENFSK_RxTimeoutCallback
                0x00002c2c       0x68 ./genfsk/genfsk_ll.o
 .text.GENFSK_Init
                0x00002c94       0xd0 ./genfsk/genfsk_ll.o
                0x00002c94                GENFSK_Init
 .text.GENFSK_AllocInstance
                0x00002d64      0x248 ./genfsk/genfsk_ll.o
                0x00002d64                GENFSK_AllocInstance
 .text.GENFSK_RadioConfig
                0x00002fac      0x2c0 ./genfsk/genfsk_ll.o
                0x00002fac                GENFSK_RadioConfig
 .text.GENFSK_SetPacketConfig
                0x0000326c      0x4a0 ./genfsk/genfsk_ll.o
                0x0000326c                GENFSK_SetPacketConfig
 .text.GENFSK_SetCrcConfig
                0x0000370c      0x3ac ./genfsk/genfsk_ll.o
                0x0000370c                GENFSK_SetCrcConfig
 .text.GENFSK_SetWhitenerConfig
                0x00003ab8      0x538 ./genfsk/genfsk_ll.o
                0x00003ab8                GENFSK_SetWhitenerConfig
 .text.GENFSK_SetNetworkAddress
                0x00003ff0      0x428 ./genfsk/genfsk_ll.o
                0x00003ff0                GENFSK_SetNetworkAddress
 .text.GENFSK_EnableNetworkAddress
                0x00004418      0x148 ./genfsk/genfsk_ll.o
                0x00004418                GENFSK_EnableNetworkAddress
 .text.GENFSK_SetChannelNumber
                0x00004560      0x12c ./genfsk/genfsk_ll.o
                0x00004560                GENFSK_SetChannelNumber
 .text.GENFSK_SetTxPowerLevel
                0x0000468c      0x158 ./genfsk/genfsk_ll.o
                0x0000468c                GENFSK_SetTxPowerLevel
 .text.GENFSK_StartTx
                0x000047e4      0x3bc ./genfsk/genfsk_ll.o
                0x000047e4                GENFSK_StartTx
 .text.GENFSK_StartRx
                0x00004ba0      0x3e0 ./genfsk/genfsk_ll.o
                0x00004ba0                GENFSK_StartRx
 .text.GENFSK_AbortAll
                0x00004f80       0xa0 ./genfsk/genfsk_ll.o
                0x00004f80                GENFSK_AbortAll
 .text.GENFSK_GetTimestamp
                0x00005020       0x34 ./genfsk/genfsk_ll.o
                0x00005020                GENFSK_GetTimestamp
 .text.GENFSK_RegisterCallbacks
                0x00005054       0x78 ./genfsk/genfsk_ll.o
                0x00005054                GENFSK_RegisterCallbacks
 .text.GENFSK_PacketToByteArray
                0x000050cc      0x4c8 ./genfsk/genfsk_ll.o
                0x000050cc                GENFSK_PacketToByteArray
 .text.GENFSK_ByteArrayToPacket
                0x00005594      0x458 ./genfsk/genfsk_ll.o
                0x00005594                GENFSK_ByteArrayToPacket
 .text.GENFSK_Task
                0x000059ec      0xc3c ./genfsk/genfsk_ll.o
 .text.GENFSK_TimeSetWaitTimeout
                0x00006628       0x54 ./genfsk/genfsk_time.o
 .text.GENFSK_TimeRunCallback
                0x0000667c       0x3c ./genfsk/genfsk_time.o
 .text.GENFSK_TimeMaintenance
                0x000066b8       0x78 ./genfsk/genfsk_time.o
 .text.GENFSK_TimeOverflowCb
                0x00006730       0x34 ./genfsk/genfsk_time.o
 .text.GENFSK_TimeGetNextEvent
                0x00006764       0x84 ./genfsk/genfsk_time.o
 .text.GENFSK_TimeInit
                0x000067e8       0x58 ./genfsk/genfsk_time.o
                0x000067e8                GENFSK_TimeInit
 .text.GENFSK_TimeGetTimestamp
                0x00006840       0x88 ./genfsk/genfsk_time.o
                0x00006840                GENFSK_TimeGetTimestamp
 .text.GENFSK_TimeDisableWaitTimeout
                0x000068c8       0x28 ./genfsk/genfsk_time.o
                0x000068c8                GENFSK_TimeDisableWaitTimeout
 .text.GENFSK_TimeScheduleEvent
                0x000068f0       0xe4 ./genfsk/genfsk_time.o
                0x000068f0                GENFSK_TimeScheduleEvent
 .text.GENFSK_TimeCancelEvent
                0x000069d4       0x70 ./genfsk/genfsk_time.o
                0x000069d4                GENFSK_TimeCancelEvent
 .text.GENFSK_TimeISR
                0x00006a44       0x40 ./genfsk/genfsk_time.o
                0x00006a44                GENFSK_TimeISR
 .text.GENFSK_WritePacketBuffer
                0x00006a84       0x78 ./genfsk/genfsk_utils.o
                0x00006a84                GENFSK_WritePacketBuffer
 .text.GENFSK_ReadPacketBuffer
                0x00006afc       0x78 ./genfsk/genfsk_utils.o
                0x00006afc                GENFSK_ReadPacketBuffer
 .text.GENFSK_Reverse9Bit
                0x00006b74       0xf8 ./genfsk/genfsk_utils.o
                0x00006b74                GENFSK_Reverse9Bit
 .text.GENFSK_SwitchToInstance
                0x00006c6c      0x320 ./genfsk/genfsk_utils.o
                0x00006c6c                GENFSK_SwitchToInstance
 .text.GENFSK_MskPreProcessing
                0x00006f8c       0xcc ./genfsk/genfsk_utils.o
                0x00006f8c                GENFSK_MskPreProcessing
 .text.GENFSK_MskPostProcessing
                0x00007058      0x1ec ./genfsk/genfsk_utils.o
                0x00007058                GENFSK_MskPostProcessing
 .text.xEventGroupCreate
                0x00007244       0x30 ./freertos/event_groups.o
                0x00007244                xEventGroupCreate
 .text.xEventGroupWaitBits
                0x00007274      0x148 ./freertos/event_groups.o
                0x00007274                xEventGroupWaitBits
 .text.xEventGroupSetBits
                0x000073bc       0xf4 ./freertos/event_groups.o
                0x000073bc                xEventGroupSetBits
 .text.vEventGroupSetBitsCallback
                0x000074b0       0x20 ./freertos/event_groups.o
                0x000074b0                vEventGroupSetBitsCallback
 .text.prvTestWaitCondition
                0x000074d0       0x40 ./freertos/event_groups.o
 .text.xEventGroupSetBitsFromISR
                0x00007510       0x2c ./freertos/event_groups.o
                0x00007510                xEventGroupSetBitsFromISR
 .text.prvSetupTimerInterrupt
                0x0000753c       0x3c ./freertos/fsl_tickless_lptmr.o
                0x0000753c                prvSetupTimerInterrupt
 .text.pvPortMalloc
                0x00007578      0x14c ./freertos/heap_4.o
                0x00007578                pvPortMalloc
 .text.vPortFree
                0x000076c4       0x90 ./freertos/heap_4.o
                0x000076c4                vPortFree
 .text.prvHeapInit
                0x00007754       0xc0 ./freertos/heap_4.o
 .text.prvInsertBlockIntoFreeList
                0x00007814       0xb0 ./freertos/heap_4.o
 .text.vListInitialise
                0x000078c4       0x3c ./freertos/list.o
                0x000078c4                vListInitialise
 .text.vListInitialiseItem
                0x00007900       0x18 ./freertos/list.o
                0x00007900                vListInitialiseItem
 .text.vListInsertEnd
                0x00007918       0x44 ./freertos/list.o
                0x00007918                vListInsertEnd
 .text.vListInsert
                0x0000795c       0x6c ./freertos/list.o
                0x0000795c                vListInsert
 .text.uxListRemove
                0x000079c8       0x50 ./freertos/list.o
                0x000079c8                uxListRemove
 .text.pxPortInitialiseStack
                0x00007a18       0x54 ./freertos/port.o
                0x00007a18                pxPortInitialiseStack
 .text.prvTaskExitError
                0x00007a6c       0x18 ./freertos/port.o
 .text.SVC_Handler
                0x00007a84        0xc ./freertos/port.o
                0x00007a84                SVC_Handler
 .text.vPortStartFirstTask
                0x00007a90       0x38 ./freertos/port.o
 .text.xPortStartScheduler
                0x00007ac8       0x44 ./freertos/port.o
                0x00007ac8                xPortStartScheduler
 .text.vPortYield
                0x00007b0c       0x20 ./freertos/port.o
                0x00007b0c                vPortYield
 .text.vPortEnterCritical
                0x00007b2c       0x24 ./freertos/port.o
                0x00007b2c                vPortEnterCritical
 .text.vPortExitCritical
                0x00007b50       0x30 ./freertos/port.o
                0x00007b50                vPortExitCritical
 .text.ulSetInterruptMaskFromISR
                0x00007b80        0xc ./freertos/port.o
                0x00007b80                ulSetInterruptMaskFromISR
 .text.vClearInterruptMaskFromISR
                0x00007b8c        0x8 ./freertos/port.o
                0x00007b8c                vClearInterruptMaskFromISR
 *fill*         0x00007b94        0xc 
 .text.PendSV_Handler
                0x00007ba0       0x48 ./freertos/port.o
                0x00007ba0                PendSV_Handler
 .text.SysTick_Handler
                0x00007be8       0x34 ./freertos/port.o
                0x00007be8                SysTick_Handler
 .text.xQueueGenericReset
                0x00007c1c       0xa8 ./freertos/queue.o
                0x00007c1c                xQueueGenericReset
 .text.xQueueGenericCreate
                0x00007cc4       0x64 ./freertos/queue.o
                0x00007cc4                xQueueGenericCreate
 .text.prvInitialiseNewQueue
                0x00007d28       0x50 ./freertos/queue.o
 .text.prvInitialiseMutex
                0x00007d78       0x34 ./freertos/queue.o
 .text.xQueueCreateMutex
                0x00007dac       0x38 ./freertos/queue.o
                0x00007dac                xQueueCreateMutex
 .text.xQueueCreateCountingSemaphore
                0x00007de4       0x48 ./freertos/queue.o
                0x00007de4                xQueueCreateCountingSemaphore
 .text.xQueueGenericSend
                0x00007e2c      0x188 ./freertos/queue.o
                0x00007e2c                xQueueGenericSend
 .text.xQueueGenericSendFromISR
                0x00007fb4       0xe4 ./freertos/queue.o
                0x00007fb4                xQueueGenericSendFromISR
 .text.xQueueGiveFromISR
                0x00008098       0xcc ./freertos/queue.o
                0x00008098                xQueueGiveFromISR
 .text.xQueueGenericReceive
                0x00008164      0x1c8 ./freertos/queue.o
                0x00008164                xQueueGenericReceive
 .text.prvCopyDataToQueue
                0x0000832c       0xd8 ./freertos/queue.o
 .text.prvCopyDataFromQueue
                0x00008404       0x4c ./freertos/queue.o
 .text.prvUnlockQueue
                0x00008450       0xc0 ./freertos/queue.o
 .text.prvIsQueueEmpty
                0x00008510       0x2c ./freertos/queue.o
 .text.prvIsQueueFull
                0x0000853c       0x30 ./freertos/queue.o
 .text.vQueueAddToRegistry
                0x0000856c       0x50 ./freertos/queue.o
                0x0000856c                vQueueAddToRegistry
 .text.vQueueWaitForMessageRestricted
                0x000085bc       0x68 ./freertos/queue.o
                0x000085bc                vQueueWaitForMessageRestricted
 .text.xTaskCreate
                0x00008624       0x90 ./freertos/tasks.o
                0x00008624                xTaskCreate
 .text.prvInitialiseNewTask
                0x000086b4      0x12c ./freertos/tasks.o
 .text.prvAddNewTaskToReadyList
                0x000087e0       0xd0 ./freertos/tasks.o
 .text.vTaskStartScheduler
                0x000088b0       0x78 ./freertos/tasks.o
                0x000088b0                vTaskStartScheduler
 .text.vTaskSuspendAll
                0x00008928       0x18 ./freertos/tasks.o
                0x00008928                vTaskSuspendAll
 .text.xTaskResumeAll
                0x00008940      0x118 ./freertos/tasks.o
                0x00008940                xTaskResumeAll
 .text.xTaskGetTickCount
                0x00008a58       0x1c ./freertos/tasks.o
                0x00008a58                xTaskGetTickCount
 .text.xTaskIncrementTick
                0x00008a74      0x14c ./freertos/tasks.o
                0x00008a74                xTaskIncrementTick
 .text.vTaskSwitchContext
                0x00008bc0       0xa4 ./freertos/tasks.o
                0x00008bc0                vTaskSwitchContext
 .text.vTaskPlaceOnEventList
                0x00008c64       0x3c ./freertos/tasks.o
                0x00008c64                vTaskPlaceOnEventList
 .text.vTaskPlaceOnUnorderedEventList
                0x00008ca0       0x5c ./freertos/tasks.o
                0x00008ca0                vTaskPlaceOnUnorderedEventList
 .text.vTaskPlaceOnEventListRestricted
                0x00008cfc       0x4c ./freertos/tasks.o
                0x00008cfc                vTaskPlaceOnEventListRestricted
 .text.xTaskRemoveFromEventList
                0x00008d48       0xb8 ./freertos/tasks.o
                0x00008d48                xTaskRemoveFromEventList
 .text.xTaskRemoveFromUnorderedEventList
                0x00008e00       0xb0 ./freertos/tasks.o
                0x00008e00                xTaskRemoveFromUnorderedEventList
 .text.vTaskSetTimeOutState
                0x00008eb0       0x34 ./freertos/tasks.o
                0x00008eb0                vTaskSetTimeOutState
 .text.xTaskCheckForTimeOut
                0x00008ee4       0x9c ./freertos/tasks.o
                0x00008ee4                xTaskCheckForTimeOut
 .text.vTaskMissedYield
                0x00008f80       0x14 ./freertos/tasks.o
                0x00008f80                vTaskMissedYield
 .text.prvIdleTask
                0x00008f94       0x20 ./freertos/tasks.o
 .text.prvInitialiseTaskLists
                0x00008fb4       0x88 ./freertos/tasks.o
 .text.prvCheckTasksWaitingTermination
                0x0000903c       0x74 ./freertos/tasks.o
 .text.prvDeleteTCB
                0x000090b0       0x24 ./freertos/tasks.o
 .text.prvResetNextTaskUnblockTime
                0x000090d4       0x48 ./freertos/tasks.o
 .text.xTaskGetCurrentTaskHandle
                0x0000911c       0x1c ./freertos/tasks.o
                0x0000911c                xTaskGetCurrentTaskHandle
 .text.xTaskGetSchedulerState
                0x00009138       0x38 ./freertos/tasks.o
                0x00009138                xTaskGetSchedulerState
 .text.vTaskPriorityInherit
                0x00009170       0xbc ./freertos/tasks.o
                0x00009170                vTaskPriorityInherit
 .text.xTaskPriorityDisinherit
                0x0000922c       0xb8 ./freertos/tasks.o
                0x0000922c                xTaskPriorityDisinherit
 .text.uxTaskResetEventItemValue
                0x000092e4       0x2c ./freertos/tasks.o
                0x000092e4                uxTaskResetEventItemValue
 .text.pvTaskIncrementMutexHeldCount
                0x00009310       0x24 ./freertos/tasks.o
                0x00009310                pvTaskIncrementMutexHeldCount
 .text.prvAddCurrentTaskToDelayedList
                0x00009334       0xa8 ./freertos/tasks.o
 .text.xTimerCreateTimerTask
                0x000093dc       0x54 ./freertos/timers.o
                0x000093dc                xTimerCreateTimerTask
 .text.xTimerGenericCommand
                0x00009430       0x9c ./freertos/timers.o
                0x00009430                xTimerGenericCommand
 .text.prvProcessExpiredTimer
                0x000094cc       0x70 ./freertos/timers.o
 .text.prvTimerTask
                0x0000953c       0x28 ./freertos/timers.o
 .text.prvProcessTimerOrBlockTask
                0x00009564       0x8c ./freertos/timers.o
 .text.prvGetNextExpireTime
                0x000095f0       0x40 ./freertos/timers.o
 .text.prvSampleTimeNow
                0x00009630       0x40 ./freertos/timers.o
 .text.prvInsertTimerInActiveList
                0x00009670       0x84 ./freertos/timers.o
 .text.prvProcessReceivedCommands
                0x000096f4      0x12c ./freertos/timers.o
 .text.prvSwitchTimerLists
                0x00009820       0xb4 ./freertos/timers.o
 .text.prvCheckForValidListAndQueue
                0x000098d4       0x74 ./freertos/timers.o
 .text.xTimerPendFunctionCallFromISR
                0x00009948       0x54 ./freertos/timers.o
                0x00009948                xTimerPendFunctionCallFromISR
 .text.XCVR_Init
                0x0000999c      0x134 ./framework/XCVR/MKW41Z4/fsl_xcvr.o
                0x0000999c                XCVR_Init
 .text.XCVR_GetDefaultConfig
                0x00009ad0      0x170 ./framework/XCVR/MKW41Z4/fsl_xcvr.o
                0x00009ad0                XCVR_GetDefaultConfig
 .text.XCVR_Configure
                0x00009c40      0x98c ./framework/XCVR/MKW41Z4/fsl_xcvr.o
                0x00009c40                XCVR_Configure
 .text.XCVR_ChangeMode
                0x0000a5cc       0x88 ./framework/XCVR/MKW41Z4/fsl_xcvr.o
                0x0000a5cc                XCVR_ChangeMode
 .text.XcvrPanic
                0x0000a654       0x40 ./framework/XCVR/MKW41Z4/fsl_xcvr.o
                0x0000a654                XcvrPanic
 .text.XCVR_SetXtalTrim
                0x0000a694       0x68 ./framework/XCVR/MKW41Z4/fsl_xcvr.o
                0x0000a694                XCVR_SetXtalTrim
 .text.XCVR_OverrideChannel
                0x0000a6fc      0x13c ./framework/XCVR/MKW41Z4/fsl_xcvr.o
                0x0000a6fc                XCVR_OverrideChannel
 .text.XCVR_ForceRxWu
                0x0000a838       0x1c ./framework/XCVR/MKW41Z4/fsl_xcvr.o
                0x0000a838                XCVR_ForceRxWu
 .text.XCVR_ForceRxWd
                0x0000a854       0x1c ./framework/XCVR/MKW41Z4/fsl_xcvr.o
                0x0000a854                XCVR_ForceRxWd
 .text.calc_dcoc_dac_step
                0x0000a870       0x88 ./framework/XCVR/MKW41Z4/fsl_xcvr_trim.o
                0x0000a870                calc_dcoc_dac_step
 .text.XcvrCalDelay
                0x0000a8f8       0x20 ./framework/XCVR/MKW41Z4/fsl_xcvr_trim.o
                0x0000a8f8                XcvrCalDelay
 .text.rx_dc_est_average
                0x0000a918      0x1a4 ./framework/XCVR/MKW41Z4/fsl_xcvr_trim.o
                0x0000a918                rx_dc_est_average
 .text.rx_bba_dcoc_dac_trim_DCest
                0x0000aabc      0x7d8 ./framework/XCVR/MKW41Z4/fsl_xcvr_trim.o
                0x0000aabc                rx_bba_dcoc_dac_trim_DCest
 .text.DCOC_DAC_INIT_Cal
                0x0000b294      0x680 ./framework/XCVR/MKW41Z4/fsl_xcvr_trim.o
                0x0000b294                DCOC_DAC_INIT_Cal
 .text.read_first_ifr_word
                0x0000b914       0x20 ./framework/XCVR/MKW41Z4/ifr_radio.o
                0x0000b914                read_first_ifr_word
 .text.read_another_ifr_word
                0x0000b934       0x2c ./framework/XCVR/MKW41Z4/ifr_radio.o
                0x0000b934                read_another_ifr_word
 .text.read_resource_ifr
                0x0000b960       0xd0 ./framework/XCVR/MKW41Z4/ifr_radio.o
                0x0000b960                read_resource_ifr
 .text.store_sw_trim
                0x0000ba30       0x9c ./framework/XCVR/MKW41Z4/ifr_radio.o
                0x0000ba30                store_sw_trim
 .text.handle_ifr
                0x0000bacc      0x184 ./framework/XCVR/MKW41Z4/ifr_radio.o
                0x0000bacc                handle_ifr
 .text.NVIC_EnableIRQ
                0x0000bc50       0x2c ./framework/TimersManager/Source/TMR_Adapter.o
 .text.NVIC_ClearPendingIRQ
                0x0000bc7c       0x30 ./framework/TimersManager/Source/TMR_Adapter.o
 .text.NVIC_SetPriority
                0x0000bcac       0xdc ./framework/TimersManager/Source/TMR_Adapter.o
 .text.TPM_GetStatusFlags
                0x0000bd88       0x14 ./framework/TimersManager/Source/TMR_Adapter.o
 .text.TPM_ClearStatusFlags
                0x0000bd9c       0x18 ./framework/TimersManager/Source/TMR_Adapter.o
 .text.TPM_StartTimer
                0x0000bdb4       0x3c ./framework/TimersManager/Source/TMR_Adapter.o
 .text.TPM_StopTimer
                0x0000bdf0       0x2c ./framework/TimersManager/Source/TMR_Adapter.o
 .text.StackTimer_Init
                0x0000be1c       0xa0 ./framework/TimersManager/Source/TMR_Adapter.o
                0x0000be1c                StackTimer_Init
 .text.StackTimer_Enable
                0x0000bebc       0x1c ./framework/TimersManager/Source/TMR_Adapter.o
                0x0000bebc                StackTimer_Enable
 .text.StackTimer_Disable
                0x0000bed8       0x18 ./framework/TimersManager/Source/TMR_Adapter.o
                0x0000bed8                StackTimer_Disable
 .text.StackTimer_GetInputFrequency
                0x0000bef0       0x24 ./framework/TimersManager/Source/TMR_Adapter.o
                0x0000bef0                StackTimer_GetInputFrequency
 .text.StackTimer_GetCounterValue
                0x0000bf14       0x14 ./framework/TimersManager/Source/TMR_Adapter.o
                0x0000bf14                StackTimer_GetCounterValue
 .text.StackTimer_SetOffsetTicks
                0x0000bf28       0x24 ./framework/TimersManager/Source/TMR_Adapter.o
                0x0000bf28                StackTimer_SetOffsetTicks
 .text.StackTimer_ClearIntFlag
                0x0000bf4c       0x30 ./framework/TimersManager/Source/TMR_Adapter.o
                0x0000bf4c                StackTimer_ClearIntFlag
 .text.TMR_GetTimerStatus
                0x0000bf7c       0x28 ./framework/TimersManager/Source/TimersManager.o
 .text.TMR_SetTimerStatus
                0x0000bfa4       0x44 ./framework/TimersManager/Source/TimersManager.o
 .text.TMR_GetTimerType
                0x0000bfe8       0x28 ./framework/TimersManager/Source/TimersManager.o
 .text.TMR_SetTimerType
                0x0000c010       0x44 ./framework/TimersManager/Source/TimersManager.o
 .text.TmrTicksFromMilliseconds
                0x0000c054       0x4c ./framework/TimersManager/Source/TimersManager.o
                0x0000c054                TmrTicksFromMilliseconds
 .text.TMR_Init
                0x0000c0a0       0x80 ./framework/TimersManager/Source/TimersManager.o
                0x0000c0a0                TMR_Init
 .text.TMR_NotifyClkChanged
                0x0000c120       0x44 ./framework/TimersManager/Source/TimersManager.o
                0x0000c120                TMR_NotifyClkChanged
 .text.TMR_AllocateTimer
                0x0000c164       0x50 ./framework/TimersManager/Source/TimersManager.o
                0x0000c164                TMR_AllocateTimer
 .text.StackTimer_ISR
                0x0000c1b4       0x24 ./framework/TimersManager/Source/TimersManager.o
 .text.TMR_StartTimer
                0x0000c1d8       0xf4 ./framework/TimersManager/Source/TimersManager.o
                0x0000c1d8                TMR_StartTimer
 .text.TMR_StartLowPowerTimer
                0x0000c2cc       0x44 ./framework/TimersManager/Source/TimersManager.o
                0x0000c2cc                TMR_StartLowPowerTimer
 .text.TMR_StopTimer
                0x0000c310       0xec ./framework/TimersManager/Source/TimersManager.o
                0x0000c310                TMR_StopTimer
 .text.TMR_Task
                0x0000c3fc      0x574 ./framework/TimersManager/Source/TimersManager.o
                0x0000c3fc                TMR_Task
 .text.TMR_EnableTimer
                0x0000c970       0x84 ./framework/TimersManager/Source/TimersManager.o
                0x0000c970                TMR_EnableTimer
 .text.NVIC_EnableIRQ
                0x0000c9f4       0x2c ./framework/SerialManager/Source/UART_Adapter/UART_Adapter.o
 .text.NVIC_SetPriority
                0x0000ca20       0xdc ./framework/SerialManager/Source/UART_Adapter/UART_Adapter.o
 .text.LPUART_WriteByte
                0x0000cafc       0x20 ./framework/SerialManager/Source/UART_Adapter/UART_Adapter.o
 .text.LPUART_ReadByte
                0x0000cb1c       0x18 ./framework/SerialManager/Source/UART_Adapter/UART_Adapter.o
 .text.LPUART_Initialize
                0x0000cb34       0xec ./framework/SerialManager/Source/UART_Adapter/UART_Adapter.o
                0x0000cb34                LPUART_Initialize
 .text.LPUART_SetBaudrate
                0x0000cc20       0x44 ./framework/SerialManager/Source/UART_Adapter/UART_Adapter.o
                0x0000cc20                LPUART_SetBaudrate
 .text.LPUART_SendData
                0x0000cc64       0xc0 ./framework/SerialManager/Source/UART_Adapter/UART_Adapter.o
                0x0000cc64                LPUART_SendData
 .text.LPUART_InstallRxCalback
                0x0000cd24       0x44 ./framework/SerialManager/Source/UART_Adapter/UART_Adapter.o
                0x0000cd24                LPUART_InstallRxCalback
 .text.LPUART_InstallTxCalback
                0x0000cd68       0x44 ./framework/SerialManager/Source/UART_Adapter/UART_Adapter.o
                0x0000cd68                LPUART_InstallTxCalback
 .text.LPUART_IsTxActive
                0x0000cdac       0x58 ./framework/SerialManager/Source/UART_Adapter/UART_Adapter.o
                0x0000cdac                LPUART_IsTxActive
 .text.LPUART_ISR
                0x0000ce04      0x17c ./framework/SerialManager/Source/UART_Adapter/UART_Adapter.o
 .text.SerialManager_Init
                0x0000cf80       0x80 ./framework/SerialManager/Source/SerialManager.o
                0x0000cf80                SerialManager_Init
 .text.SerialManagerTask
                0x0000d000      0x188 ./framework/SerialManager/Source/SerialManager.o
                0x0000d000                SerialManagerTask
 .text.Serial_InitInterface
                0x0000d188      0x184 ./framework/SerialManager/Source/SerialManager.o
                0x0000d188                Serial_InitInterface
 .text.Serial_AsyncWrite
                0x0000d30c      0x198 ./framework/SerialManager/Source/SerialManager.o
                0x0000d30c                Serial_AsyncWrite
 .text.Serial_SyncWrite
                0x0000d4a4       0xd8 ./framework/SerialManager/Source/SerialManager.o
                0x0000d4a4                Serial_SyncWrite
 .text.Serial_SetRxCallBack
                0x0000d57c       0x70 ./framework/SerialManager/Source/SerialManager.o
                0x0000d57c                Serial_SetRxCallBack
 .text.Serial_SetBaudRate
                0x0000d5ec       0x88 ./framework/SerialManager/Source/SerialManager.o
                0x0000d5ec                Serial_SetBaudRate
 .text.Serial_Print
                0x0000d674       0x7c ./framework/SerialManager/Source/SerialManager.o
                0x0000d674                Serial_Print
 .text.Serial_PrintDec
                0x0000d6f0       0xa8 ./framework/SerialManager/Source/SerialManager.o
                0x0000d6f0                Serial_PrintDec
 .text.Serial_WriteInternal
                0x0000d798      0x108 ./framework/SerialManager/Source/SerialManager.o
 .text.SerialManager_RxNotify
                0x0000d8a0       0xb0 ./framework/SerialManager/Source/SerialManager.o
                0x0000d8a0                SerialManager_RxNotify
 .text.SerialManager_TxNotify
                0x0000d950       0xd0 ./framework/SerialManager/Source/SerialManager.o
                0x0000d950                SerialManager_TxNotify
 .text.Serial_TxQueueMaintenance
                0x0000da20      0x128 ./framework/SerialManager/Source/SerialManager.o
 .text.Serial_SyncTxCallback
                0x0000db48       0x1c ./framework/SerialManager/Source/SerialManager.o
 .text.Serial_UartRxCb
                0x0000db64       0x54 ./framework/SerialManager/Source/SerialManager.o
 .text.Serial_UartTxCb
                0x0000dbb8       0x1c ./framework/SerialManager/Source/SerialManager.o
 .text.SecLib_Init
                0x0000dbd4       0x3c ./framework/SecLib/SecLib.o
                0x0000dbd4                SecLib_Init
 .text.NVIC_EnableIRQ
                0x0000dc10       0x2c ./framework/RNG/Source/RNG.o
 .text.EnableIRQ
                0x0000dc3c       0x2c ./framework/RNG/Source/RNG.o
 .text.RNG_Init
                0x0000dc68       0xe0 ./framework/RNG/Source/RNG.o
                0x0000dc68                RNG_Init
 .text.RNG_GetRandomNo
                0x0000dd48       0x2c ./framework/RNG/Source/RNG.o
                0x0000dd48                RNG_GetRandomNo
 .text.RNG_SetPseudoRandomNoSeed
                0x0000dd74       0x2c ./framework/RNG/Source/RNG.o
                0x0000dd74                RNG_SetPseudoRandomNoSeed
 .text.TRNG_ISR
                0x0000dda0       0x3c ./framework/RNG/Source/RNG.o
 .text.panic    0x0000dddc       0x18 ./framework/Panic/Source/Panic.o
                0x0000dddc                panic
 .text.startup_task
                0x0000ddf4       0x14 ./framework/OSAbstraction/Source/fsl_os_abstraction_free_rtos.o
                0x0000ddf4                startup_task
 .text.OSA_TaskGetId
                0x0000de08       0x10 ./framework/OSAbstraction/Source/fsl_os_abstraction_free_rtos.o
                0x0000de08                OSA_TaskGetId
 .text.OSA_TaskCreate
                0x0000de18       0x4c ./framework/OSAbstraction/Source/fsl_os_abstraction_free_rtos.o
                0x0000de18                OSA_TaskCreate
 .text.OSA_SemaphoreCreate
                0x0000de64       0x20 ./framework/OSAbstraction/Source/fsl_os_abstraction_free_rtos.o
                0x0000de64                OSA_SemaphoreCreate
 .text.OSA_SemaphoreWait
                0x0000de84       0x5c ./framework/OSAbstraction/Source/fsl_os_abstraction_free_rtos.o
                0x0000de84                OSA_SemaphoreWait
 .text.OSA_SemaphorePost
                0x0000dee0       0x9c ./framework/OSAbstraction/Source/fsl_os_abstraction_free_rtos.o
                0x0000dee0                OSA_SemaphorePost
 .text.OSA_MutexCreate
                0x0000df7c       0x1c ./framework/OSAbstraction/Source/fsl_os_abstraction_free_rtos.o
                0x0000df7c                OSA_MutexCreate
 .text.OSA_EventCreate
                0x0000df98       0x70 ./framework/OSAbstraction/Source/fsl_os_abstraction_free_rtos.o
                0x0000df98                OSA_EventCreate
 .text.OSA_EventSet
                0x0000e008       0xa0 ./framework/OSAbstraction/Source/fsl_os_abstraction_free_rtos.o
                0x0000e008                OSA_EventSet
 .text.OSA_EventWait
                0x0000e0a8       0xa4 ./framework/OSAbstraction/Source/fsl_os_abstraction_free_rtos.o
                0x0000e0a8                OSA_EventWait
 .text.OSA_InterruptEnable
                0x0000e14c       0x4c ./framework/OSAbstraction/Source/fsl_os_abstraction_free_rtos.o
                0x0000e14c                OSA_InterruptEnable
 .text.OSA_InterruptDisable
                0x0000e198       0x4c ./framework/OSAbstraction/Source/fsl_os_abstraction_free_rtos.o
                0x0000e198                OSA_InterruptDisable
 .text.OSA_InstallIntHandler
                0x0000e1e4       0x20 ./framework/OSAbstraction/Source/fsl_os_abstraction_free_rtos.o
                0x0000e1e4                OSA_InstallIntHandler
 .text.main     0x0000e204       0x24 ./framework/OSAbstraction/Source/fsl_os_abstraction_free_rtos.o
                0x0000e204                main
 .text.osObjectAlloc
                0x0000e228       0x4c ./framework/OSAbstraction/Source/fsl_os_abstraction_free_rtos.o
 .text.osObjectIsAllocated
                0x0000e274       0x54 ./framework/OSAbstraction/Source/fsl_os_abstraction_free_rtos.o
 .text.osObjectFree
                0x0000e2c8       0x48 ./framework/OSAbstraction/Source/fsl_os_abstraction_free_rtos.o
 .text.MEM_Init
                0x0000e310       0xc4 ./framework/MemManager/Source/MemManager.o
                0x0000e310                MEM_Init
 .text.MEM_BufferAllocWithId
                0x0000e3d4       0xb8 ./framework/MemManager/Source/MemManager.o
                0x0000e3d4                MEM_BufferAllocWithId
 .text.ListInit
                0x0000e48c       0x2c ./framework/Lists/GenericList.o
                0x0000e48c                ListInit
 .text.ListAddTail
                0x0000e4b8       0x78 ./framework/Lists/GenericList.o
                0x0000e4b8                ListAddTail
 .text.ListRemoveHead
                0x0000e530       0x68 ./framework/Lists/GenericList.o
                0x0000e530                ListRemoveHead
 .text.LED_Init
                0x0000e598       0x2c ./framework/LED/Source/LED.o
                0x0000e598                LED_Init
 .text.LED_Operate
                0x0000e5c4       0x8c ./framework/LED/Source/LED.o
                0x0000e5c4                LED_Operate
 .text.LED_GpioSet
                0x0000e650       0x48 ./framework/LED/Source/LED.o
 .text.GPIO_SetPinsOutput
                0x0000e698       0x18 ./framework/GPIO/GPIO_Adapter.o
 .text.GPIO_ClearPinsOutput
                0x0000e6b0       0x18 ./framework/GPIO/GPIO_Adapter.o
 .text.GPIO_TogglePinsOutput
                0x0000e6c8       0x18 ./framework/GPIO/GPIO_Adapter.o
 .text.PORT_SetPinConfig
                0x0000e6e0       0x38 ./framework/GPIO/GPIO_Adapter.o
 .text.PORT_SetPinMux
                0x0000e718       0x40 ./framework/GPIO/GPIO_Adapter.o
 .text.GpioSetPinMux
                0x0000e758       0x44 ./framework/GPIO/GPIO_Adapter.o
                0x0000e758                GpioSetPinMux
 .text.GpioSetPinOutput
                0x0000e79c       0x34 ./framework/GPIO/GPIO_Adapter.o
                0x0000e79c                GpioSetPinOutput
 .text.GpioClearPinOutput
                0x0000e7d0       0x34 ./framework/GPIO/GPIO_Adapter.o
                0x0000e7d0                GpioClearPinOutput
 .text.GpioTogglePinOutput
                0x0000e804       0x34 ./framework/GPIO/GPIO_Adapter.o
                0x0000e804                GpioTogglePinOutput
 .text.GpioOutputPinInit
                0x0000e838      0x10c ./framework/GPIO/GPIO_Adapter.o
                0x0000e838                GpioOutputPinInit
 .text.FLib_MemCpy
                0x0000e944       0x38 ./framework/FunctionLib/FunctionLib.o
                0x0000e944                FLib_MemCpy
 .text.FLib_MemCmp
                0x0000e97c       0x54 ./framework/FunctionLib/FunctionLib.o
                0x0000e97c                FLib_MemCmp
 .text.FLib_MemSet
                0x0000e9d0       0x38 ./framework/FunctionLib/FunctionLib.o
                0x0000e9d0                FLib_MemSet
 .text.NV_VerifyCrcOverHWParameters
                0x0000ea08       0x50 ./framework/Flash/Internal/Flash_Adapter.o
 .text.NV_ComputeCrcOverHWParameters
                0x0000ea58       0xe0 ./framework/Flash/Internal/Flash_Adapter.o
 .text.NV_ReadHWParameters
                0x0000eb38       0x68 ./framework/Flash/Internal/Flash_Adapter.o
                0x0000eb38                NV_ReadHWParameters
 .text.CLOCK_EnableClock
                0x0000eba0       0x38 ./framework/DCDC/Source/DCDC.o
 .text.ADC16_EnableHardwareTrigger
                0x0000ebd8       0x3c ./framework/DCDC/Source/DCDC.o
 .text.ADC16_GetChannelConversionValue
                0x0000ec14       0x30 ./framework/DCDC/Source/DCDC.o
 .text.DCDC_MakeADCConversion
                0x0000ec44       0x44 ./framework/DCDC/Source/DCDC.o
 .text.DCDC_AdjustVbatDiv
                0x0000ec88       0x68 ./framework/DCDC/Source/DCDC.o
 .text.DCDC_Get1P8VOutputTargetAndVBatInmV
                0x0000ecf0       0xf0 ./framework/DCDC/Source/DCDC.o
 .text.DCDC_mVTo1P8OutputTargetBoost
                0x0000ede0      0x168 ./framework/DCDC/Source/DCDC.o
 .text.DCDC_mVTo1P8OutputTargetBuck
                0x0000ef48       0xe4 ./framework/DCDC/Source/DCDC.o
 .text.DCDC_mVToMcuVOutputTargetBoost
                0x0000f02c       0x8c ./framework/DCDC/Source/DCDC.o
                0x0000f02c                DCDC_mVToMcuVOutputTargetBoost
 .text.DCDC_GetOutputTargetsBoost
                0x0000f0b8       0xd4 ./framework/DCDC/Source/DCDC.o
 .text.DCDC_GetOutputTargetsBuck
                0x0000f18c       0x90 ./framework/DCDC/Source/DCDC.o
 .text.DCDC_VBatMonitorBoost
                0x0000f21c      0x1c0 ./framework/DCDC/Source/DCDC.o
 .text.DCDC_VBatMonitorBuck
                0x0000f3dc      0x1c4 ./framework/DCDC/Source/DCDC.o
 .text.DCDC_Init
                0x0000f5a0      0x220 ./framework/DCDC/Source/DCDC.o
                0x0000f5a0                DCDC_Init
 .text.CLOCK_EnableClock
                0x0000f7c0       0x38 ./drivers/fsl_adc16.o
 .text.ADC16_GetInstance
                0x0000f7f8       0x48 ./drivers/fsl_adc16.o
 .text.ADC16_Init
                0x0000f840      0x114 ./drivers/fsl_adc16.o
                0x0000f840                ADC16_Init
 .text.ADC16_DoAutoCalibration
                0x0000f954      0x11c ./drivers/fsl_adc16.o
                0x0000f954                ADC16_DoAutoCalibration
 .text.ADC16_SetChannelMuxMode
                0x0000fa70       0x3c ./drivers/fsl_adc16.o
                0x0000fa70                ADC16_SetChannelMuxMode
 .text.ADC16_SetHardwareCompareConfig
                0x0000faac       0x8c ./drivers/fsl_adc16.o
                0x0000faac                ADC16_SetHardwareCompareConfig
 .text.ADC16_SetHardwareAverage
                0x0000fb38       0x40 ./drivers/fsl_adc16.o
                0x0000fb38                ADC16_SetHardwareAverage
 .text.ADC16_GetStatusFlags
                0x0000fb78       0x3c ./drivers/fsl_adc16.o
                0x0000fb78                ADC16_GetStatusFlags
 .text.ADC16_SetChannelConfig
                0x0000fbb4       0x6c ./drivers/fsl_adc16.o
                0x0000fbb4                ADC16_SetChannelConfig
 .text.ADC16_GetChannelStatusFlags
                0x0000fc20       0x40 ./drivers/fsl_adc16.o
                0x0000fc20                ADC16_GetChannelStatusFlags
 .text.CLOCK_SetEr32kClock
                0x0000fc60       0x30 ./drivers/fsl_clock.o
 .text.CLOCK_GetMcgExtClkFreq
                0x0000fc90       0x70 ./drivers/fsl_clock.o
 .text.CLOCK_GetFllExtRefClkFreq
                0x0000fd00       0xb8 ./drivers/fsl_clock.o
 .text.CLOCK_GetInternalRefClkSelectFreq
                0x0000fdb8       0x40 ./drivers/fsl_clock.o
 .text.CLOCK_GetFllRefClkFreq
                0x0000fdf8       0x30 ./drivers/fsl_clock.o
 .text.CLOCK_GetOscRangeFromFreq
                0x0000fe28       0x4c ./drivers/fsl_clock.o
 .text.CLOCK_GetOsc0ErClkFreq
                0x0000fe74       0x28 ./drivers/fsl_clock.o
                0x0000fe74                CLOCK_GetOsc0ErClkFreq
 .text.CLOCK_SetSimConfig
                0x0000fe9c       0x2c ./drivers/fsl_clock.o
                0x0000fe9c                CLOCK_SetSimConfig
 .text.CLOCK_GetFllFreq
                0x0000fec8       0x78 ./drivers/fsl_clock.o
                0x0000fec8                CLOCK_GetFllFreq
 .text.CLOCK_GetInternalRefClkFreq
                0x0000ff40       0x28 ./drivers/fsl_clock.o
                0x0000ff40                CLOCK_GetInternalRefClkFreq
 .text.CLOCK_SetExternalRefClkConfig
                0x0000ff68       0x80 ./drivers/fsl_clock.o
                0x0000ff68                CLOCK_SetExternalRefClkConfig
 .text.CLOCK_SetInternalRefClkConfig
                0x0000ffe8      0x12c ./drivers/fsl_clock.o
                0x0000ffe8                CLOCK_SetInternalRefClkConfig
 .text.CLOCK_InitOsc0
                0x00010114       0x6c ./drivers/fsl_clock.o
                0x00010114                CLOCK_InitOsc0
 .text.CLOCK_SetFeeMode
                0x00010180      0x144 ./drivers/fsl_clock.o
                0x00010180                CLOCK_SetFeeMode
 .text.CLOCK_BootToFeeMode
                0x000102c4       0x50 ./drivers/fsl_clock.o
                0x000102c4                CLOCK_BootToFeeMode
 .text.DisableGlobalIRQ
                0x00010314       0x1c ./drivers/fsl_common.o
 .text.EnableGlobalIRQ
                0x00010330       0x1c ./drivers/fsl_common.o
 .text.__assertion_failed
                0x0001034c       0x1c ./drivers/fsl_common.o
                0x0001034c                __assertion_failed
 .text.InstallIRQHandler
                0x00010368       0x98 ./drivers/fsl_common.o
                0x00010368                InstallIRQHandler
 .text.DSPI_IsMaster
                0x00010400       0x18 ./drivers/fsl_dspi.o
 .text.DSPI_CommonIRQHandler
                0x00010418       0x40 ./drivers/fsl_dspi.o
 .text.SPI0_DriverIRQHandler
                0x00010458       0x34 ./drivers/fsl_dspi.o
                0x00010458                SPI0_DriverIRQHandler
 .text.SPI1_DriverIRQHandler
                0x0001048c       0x34 ./drivers/fsl_dspi.o
                0x0001048c                SPI1_DriverIRQHandler
 .text.GPIO_WritePinOutput
                0x000104c0       0x34 ./drivers/fsl_gpio.o
 .text.GPIO_PinInit
                0x000104f4       0x64 ./drivers/fsl_gpio.o
                0x000104f4                GPIO_PinInit
 .text.I2C_TransferCommonIRQHandler
                0x00010558       0x54 ./drivers/fsl_i2c.o
 .text.I2C0_DriverIRQHandler
                0x000105ac       0x20 ./drivers/fsl_i2c.o
                0x000105ac                I2C0_DriverIRQHandler
 .text.I2C1_DriverIRQHandler
                0x000105cc       0x20 ./drivers/fsl_i2c.o
                0x000105cc                I2C1_DriverIRQHandler
 .text.CLOCK_EnableClock
                0x000105ec       0x38 ./drivers/fsl_lpuart.o
 .text.LPUART_GetInstance
                0x00010624       0x48 ./drivers/fsl_lpuart.o
                0x00010624                LPUART_GetInstance
 .text.LPUART_Init
                0x0001066c      0x28c ./drivers/fsl_lpuart.o
                0x0001066c                LPUART_Init
 .text.LPUART_GetDefaultConfig
                0x000108f8       0x50 ./drivers/fsl_lpuart.o
                0x000108f8                LPUART_GetDefaultConfig
 .text.LPUART_SetBaudRate
                0x00010948      0x194 ./drivers/fsl_lpuart.o
                0x00010948                LPUART_SetBaudRate
 .text.LPUART_EnableInterrupts
                0x00010adc       0x3c ./drivers/fsl_lpuart.o
                0x00010adc                LPUART_EnableInterrupts
 .text.LPUART_DisableInterrupts
                0x00010b18       0x40 ./drivers/fsl_lpuart.o
                0x00010b18                LPUART_DisableInterrupts
 .text.LPUART_GetEnabledInterrupts
                0x00010b58       0x34 ./drivers/fsl_lpuart.o
                0x00010b58                LPUART_GetEnabledInterrupts
 .text.LPUART_GetStatusFlags
                0x00010b8c       0x18 ./drivers/fsl_lpuart.o
                0x00010b8c                LPUART_GetStatusFlags
 .text.LPUART_ClearStatusFlags
                0x00010ba4       0x88 ./drivers/fsl_lpuart.o
                0x00010ba4                LPUART_ClearStatusFlags
 .text.LPUART0_DriverIRQHandler
                0x00010c2c       0x24 ./drivers/fsl_lpuart.o
                0x00010c2c                LPUART0_DriverIRQHandler
 .text.CLOCK_EnableClock
                0x00010c50       0x38 ./drivers/fsl_ltc.o
 .text.LTC_Init
                0x00010c88       0x1c ./drivers/fsl_ltc.o
                0x00010c88                LTC_Init
 .text.CLOCK_EnableClock
                0x00010ca4       0x38 ./drivers/fsl_tpm.o
 .text.TPM_GetInstance
                0x00010cdc       0x54 ./drivers/fsl_tpm.o
 .text.TPM_Init
                0x00010d30       0xec ./drivers/fsl_tpm.o
                0x00010d30                TPM_Init
 .text.TPM_SetupOutputCompare
                0x00010e1c      0x13c ./drivers/fsl_tpm.o
                0x00010e1c                TPM_SetupOutputCompare
 .text.TPM_EnableInterrupts
                0x00010f58       0x84 ./drivers/fsl_tpm.o
                0x00010f58                TPM_EnableInterrupts
 .text.CLOCK_EnableClock
                0x00010fdc       0x38 ./drivers/fsl_trng.o
 .text.trng_GetInstance
                0x00011014       0x48 ./drivers/fsl_trng.o
 .text.TRNG_GetDefaultConfig
                0x0001105c       0xe0 ./drivers/fsl_trng.o
                0x0001105c                TRNG_GetDefaultConfig
 .text.trng_SetRetryCount
                0x0001113c       0x50 ./drivers/fsl_trng.o
 .text.trng_SetStatisticalCheckLimit
                0x0001118c      0x31c ./drivers/fsl_trng.o
 .text.trng_ApplyUserConfig
                0x000114a8      0x1c4 ./drivers/fsl_trng.o
 .text.trng_ReadEntropy
                0x0001166c       0x34 ./drivers/fsl_trng.o
 .text.TRNG_Init
                0x000116a0       0xb8 ./drivers/fsl_trng.o
                0x000116a0                TRNG_Init
 .text.TRNG_GetRandomData
                0x00011758       0xec ./drivers/fsl_trng.o
                0x00011758                TRNG_GetRandomData
 .text.CLOCK_EnableClock
                0x00011844       0x38 ./board/board.o
 .text.hardware_init
                0x0001187c      0x220 ./board/board.o
                0x0001187c                hardware_init
 .text.NMI_Handler
                0x00011a9c       0x20 ./board/board.o
                0x00011a9c                NMI_Handler
 .text.BOARD_DCDCInit
                0x00011abc       0x18 ./board/board.o
                0x00011abc                BOARD_DCDCInit
 .text.BOARD_GetLpuartClock
                0x00011ad4       0x5c ./board/board.o
                0x00011ad4                BOARD_GetLpuartClock
 .text.BOARD_GetTpmClock
                0x00011b30       0x5c ./board/board.o
                0x00011b30                BOARD_GetTpmClock
 .text.CLOCK_EnableClock
                0x00011b8c       0x38 ./board/clock_config.o
 .text.CLOCK_DisableClock
                0x00011bc4       0x38 ./board/clock_config.o
 .text.CLOCK_SetLpuartClock
                0x00011bfc       0x38 ./board/clock_config.o
 .text.CLOCK_SetTpmClock
                0x00011c34       0x38 ./board/clock_config.o
 .text.CLOCK_SetSimSafeDivs
                0x00011c6c       0x1c ./board/clock_config.o
 .text.CLOCK_SetXtal0Freq
                0x00011c88       0x1c ./board/clock_config.o
 .text.CLOCK_SetXtal32Freq
                0x00011ca4       0x1c ./board/clock_config.o
 .text.RTC_SetOscCapLoad
                0x00011cc0       0x34 ./board/clock_config.o
 .text.CLOCK_CONFIG_FllStableDelay
                0x00011cf4       0x24 ./board/clock_config.o
 .text.CLOCK_CONFIG_SetRtcClock
                0x00011d18       0x4c ./board/clock_config.o
 .text.CLOCK_CONFIG_EnableRtcOsc
                0x00011d64       0x50 ./board/clock_config.o
 .text.BOARD_RfOscInit
                0x00011db4       0xc8 ./board/clock_config.o
                0x00011db4                BOARD_RfOscInit
 .text.BOARD_InitOsc0
                0x00011e7c       0x30 ./board/clock_config.o
                0x00011e7c                BOARD_InitOsc0
 .text.BOARD_BootClockRUN
                0x00011eac       0x6c ./board/clock_config.o
                0x00011eac                BOARD_BootClockRUN
 .text.CLOCK_EnableClock
                0x00011f18       0x38 ./board/pin_mux.o
 .text.PORT_SetPinMux
                0x00011f50       0x40 ./board/pin_mux.o
 .text.BOARD_InitLEDs
                0x00011f90       0x78 ./board/pin_mux.o
                0x00011f90                BOARD_InitLEDs
 .text.BOARD_InitLPUART
                0x00012008       0x4c ./board/pin_mux.o
                0x00012008                BOARD_InitLPUART
 .text.SystemInit
                0x00012054       0x18 ./CMSIS/system_MKW41Z4.o
                0x00012054                SystemInit
 .text.roundf   0x0001206c       0x4c c:/nxp/mcuxpressoide_10.0.2_411/ide/tools/bin/../lib/gcc/arm-none-eabi/5.4.1/../../../../arm-none-eabi/lib/armv6-m\libm.a(lib_a-sf_round.o)
                0x0001206c                roundf
 .text.exit     0x000120b8       0x20 c:/nxp/mcuxpressoide_10.0.2_411/ide/tools/bin/../lib/gcc/arm-none-eabi/5.4.1/../../../../arm-none-eabi/lib/armv6-m\libc.a(lib_a-exit.o)
                0x000120b8                exit
 .text.__libc_init_array
                0x000120d8       0x48 c:/nxp/mcuxpressoide_10.0.2_411/ide/tools/bin/../lib/gcc/arm-none-eabi/5.4.1/../../../../arm-none-eabi/lib/armv6-m\libc.a(lib_a-init.o)
                0x000120d8                __libc_init_array
 .text.memcpy   0x00012120       0x7c c:/nxp/mcuxpressoide_10.0.2_411/ide/tools/bin/../lib/gcc/arm-none-eabi/5.4.1/../../../../arm-none-eabi/lib/armv6-m\libc.a(lib_a-memcpy-stub.o)
                0x00012120                memcpy
 .text.memset   0x0001219c       0x8c c:/nxp/mcuxpressoide_10.0.2_411/ide/tools/bin/../lib/gcc/arm-none-eabi/5.4.1/../../../../arm-none-eabi/lib/armv6-m\libc.a(lib_a-memset.o)
                0x0001219c                memset
 .text.strlen   0x00012228       0x68 c:/nxp/mcuxpressoide_10.0.2_411/ide/tools/bin/../lib/gcc/arm-none-eabi/5.4.1/../../../../arm-none-eabi/lib/armv6-m\libc.a(lib_a-strlen-stub.o)
                0x00012228                strlen
 .text.startup.register_fini
                0x00012290       0x18 c:/nxp/mcuxpressoide_10.0.2_411/ide/tools/bin/../lib/gcc/arm-none-eabi/5.4.1/../../../../arm-none-eabi/lib/armv6-m\libc.a(lib_a-__call_atexit.o)
 .text.__call_exitprocs
                0x000122a8       0xfc c:/nxp/mcuxpressoide_10.0.2_411/ide/tools/bin/../lib/gcc/arm-none-eabi/5.4.1/../../../../arm-none-eabi/lib/armv6-m\libc.a(lib_a-__call_atexit.o)
                0x000122a8                __call_exitprocs
 .text.atexit   0x000123a4       0x10 c:/nxp/mcuxpressoide_10.0.2_411/ide/tools/bin/../lib/gcc/arm-none-eabi/5.4.1/../../../../arm-none-eabi/lib/armv6-m\libc.a(lib_a-atexit.o)
                0x000123a4                atexit
 .text.__libc_fini_array
                0x000123b4       0x34 c:/nxp/mcuxpressoide_10.0.2_411/ide/tools/bin/../lib/gcc/arm-none-eabi/5.4.1/../../../../arm-none-eabi/lib/armv6-m\libc.a(lib_a-fini.o)
                0x000123b4                __libc_fini_array
 .text.__register_exitproc
                0x000123e8       0xd4 c:/nxp/mcuxpressoide_10.0.2_411/ide/tools/bin/../lib/gcc/arm-none-eabi/5.4.1/../../../../arm-none-eabi/lib/armv6-m\libc.a(lib_a-__atexit.o)
                0x000123e8                __register_exitproc
 .text._exit    0x000124bc        0x4 c:/nxp/mcuxpressoide_10.0.2_411/ide/tools/bin/../lib/gcc/arm-none-eabi/5.4.1/../../../../arm-none-eabi/lib/armv6-m\libnosys.a(_exit.o)
                0x000124bc                _exit
 *(.rodata)
 .rodata        0x000124c0       0xd5 ./source/genfsk.o
 *fill*         0x00012595        0x3 
 .rodata        0x00012598        0xc ./genfsk/genfsk_ll.o
 .rodata        0x000125a4       0x15 ./genfsk/genfsk_utils.o
 *fill*         0x000125b9        0x3 
 .rodata        0x000125bc       0x18 ./freertos/tasks.o
                0x000125c4                FreeRTOSDebugConfig
 .rodata        0x000125d4        0xd ./freertos/timers.o
 *fill*         0x000125e1        0x3 
 .rodata        0x000125e4       0x18 ./framework/XCVR/MKW41Z4/fsl_xcvr.o
 .rodata        0x000125fc        0xe ./framework/TimersManager/Source/TimersManager.o
 *fill*         0x0001260a        0x2 
 .rodata        0x0001260c       0x12 ./framework/SerialManager/Source/SerialManager.o
 *fill*         0x0001261e        0x2 
 .rodata        0x00012620        0xd ./framework/OSAbstraction/Source/fsl_os_abstraction_free_rtos.o
 *fill*         0x0001262d        0x3 
 .rodata        0x00012630       0x1e ./framework/ModuleInfo/ModuleInfo.o
 *fill*         0x0001264e        0x2 
 .rodata        0x00012650       0x47 ./framework/GPIO/GPIO_Adapter.o
 *fill*         0x00012697        0x1 
 .rodata        0x00012698       0x5c ./framework/DCDC/Source/DCDC.o
 .rodata        0x000126f4      0x13a ./drivers/fsl_adc16.o
 *fill*         0x0001282e        0x2 
 .rodata        0x00012830       0xd9 ./drivers/fsl_clock.o
 *fill*         0x00012909        0x3 
 .rodata        0x0001290c        0x4 ./drivers/fsl_common.o
 .rodata        0x00012910      0x46d ./drivers/fsl_dspi.o
 *fill*         0x00012d7d        0x3 
 .rodata        0x00012d80       0xc7 ./drivers/fsl_gpio.o
 *fill*         0x00012e47        0x1 
 .rodata        0x00012e48      0x4da ./drivers/fsl_lpuart.o
 *fill*         0x00013322        0x2 
 .rodata        0x00013324      0x473 ./drivers/fsl_tpm.o
 *fill*         0x00013797        0x1 
 .rodata        0x00013798       0x40 ./drivers/fsl_trng.o
 .rodata        0x000137d8       0x80 c:/nxp/mcuxpressoide_10.0.2_411/ide/tools/bin/../lib/gcc/arm-none-eabi/5.4.1/armv6-m\libgcc.a(divsf3.o)
 .rodata        0x00013858       0x40 c:/nxp/mcuxpressoide_10.0.2_411/ide/tools/bin/../lib/gcc/arm-none-eabi/5.4.1/armv6-m\libgcc.a(mulsf3.o)
 *(.rodata*)
 .rodata.mDefaultRadioConfig
                0x00013898        0x2 ./genfsk/genfsk_ll.o
 *fill*         0x0001389a        0x2 
 .rodata.mDefaultPacketConfig
                0x0001389c       0x10 ./genfsk/genfsk_ll.o
 .rodata.mDefaultCrcConfig
                0x000138ac       0x14 ./genfsk/genfsk_ll.o
 .rodata.mDefaultWhitenerConfig
                0x000138c0       0x12 ./genfsk/genfsk_ll.o
 *fill*         0x000138d2        0x2 
 .rodata.GENFSK_RadioConfig
                0x000138d4       0x20 ./genfsk/genfsk_ll.o
 .rodata.GENFSK_StartTx
                0x000138f4       0x18 ./genfsk/genfsk_ll.o
 .rodata.GENFSK_StartRx
                0x0001390c       0x18 ./genfsk/genfsk_ll.o
 .rodata.GENFSK_SwitchToInstance
                0x00013924       0x1c ./genfsk/genfsk_utils.o
 .rodata.prvProcessReceivedCommands
                0x00013940       0x28 ./freertos/timers.o
 .rodata.ant_mode_config
                0x00013968       0x48 ./framework/XCVR/MKW41Z4/cfgs_kw4x_3x_2x/fsl_xcvr_ant_config.o
                0x00013968                ant_mode_config
 .rodata.xcvr_ANT_1mbps_config
                0x000139b0       0x68 ./framework/XCVR/MKW41Z4/cfgs_kw4x_3x_2x/fsl_xcvr_ant_config.o
                0x000139b0                xcvr_ANT_1mbps_config
 .rodata.ble_mode_config
                0x00013a18       0x48 ./framework/XCVR/MKW41Z4/cfgs_kw4x_3x_2x/fsl_xcvr_ble_config.o
                0x00013a18                ble_mode_config
 .rodata.xcvr_BLE_1mbps_config
                0x00013a60       0x68 ./framework/XCVR/MKW41Z4/cfgs_kw4x_3x_2x/fsl_xcvr_ble_config.o
                0x00013a60                xcvr_BLE_1mbps_config
 .rodata.xcvr_common_config
                0x00013ac8      0x23c ./framework/XCVR/MKW41Z4/cfgs_kw4x_3x_2x/fsl_xcvr_common_config.o
                0x00013ac8                xcvr_common_config
 .rodata.gfsk_bt_0p3_h_0p5_mode_config
                0x00013d04       0x48 ./framework/XCVR/MKW41Z4/cfgs_kw4x_3x_2x/fsl_xcvr_gfsk_bt_0p3_h_0p5_config.o
                0x00013d04                gfsk_bt_0p3_h_0p5_mode_config
 .rodata.xcvr_GFSK_BT_0p3_h_0p5_1mbps_config
                0x00013d4c       0x68 ./framework/XCVR/MKW41Z4/cfgs_kw4x_3x_2x/fsl_xcvr_gfsk_bt_0p3_h_0p5_config.o
                0x00013d4c                xcvr_GFSK_BT_0p3_h_0p5_1mbps_config
 .rodata.xcvr_GFSK_BT_0p3_h_0p5_500kbps_config
                0x00013db4       0x68 ./framework/XCVR/MKW41Z4/cfgs_kw4x_3x_2x/fsl_xcvr_gfsk_bt_0p3_h_0p5_config.o
                0x00013db4                xcvr_GFSK_BT_0p3_h_0p5_500kbps_config
 .rodata.xcvr_GFSK_BT_0p3_h_0p5_250kbps_config
                0x00013e1c       0x68 ./framework/XCVR/MKW41Z4/cfgs_kw4x_3x_2x/fsl_xcvr_gfsk_bt_0p3_h_0p5_config.o
                0x00013e1c                xcvr_GFSK_BT_0p3_h_0p5_250kbps_config
 .rodata.gfsk_bt_0p5_h_0p32_mode_config
                0x00013e84       0x48 ./framework/XCVR/MKW41Z4/cfgs_kw4x_3x_2x/fsl_xcvr_gfsk_bt_0p5_h_0p32_config.o
                0x00013e84                gfsk_bt_0p5_h_0p32_mode_config
 .rodata.xcvr_GFSK_BT_0p5_h_0p32_1mbps_config
                0x00013ecc       0x68 ./framework/XCVR/MKW41Z4/cfgs_kw4x_3x_2x/fsl_xcvr_gfsk_bt_0p5_h_0p32_config.o
                0x00013ecc                xcvr_GFSK_BT_0p5_h_0p32_1mbps_config
 .rodata.xcvr_GFSK_BT_0p5_h_0p32_500kbps_config
                0x00013f34       0x68 ./framework/XCVR/MKW41Z4/cfgs_kw4x_3x_2x/fsl_xcvr_gfsk_bt_0p5_h_0p32_config.o
                0x00013f34                xcvr_GFSK_BT_0p5_h_0p32_500kbps_config
 .rodata.xcvr_GFSK_BT_0p5_h_0p32_250kbps_config
                0x00013f9c       0x68 ./framework/XCVR/MKW41Z4/cfgs_kw4x_3x_2x/fsl_xcvr_gfsk_bt_0p5_h_0p32_config.o
                0x00013f9c                xcvr_GFSK_BT_0p5_h_0p32_250kbps_config
 .rodata.gfsk_bt_0p5_h_0p5_mode_config
                0x00014004       0x48 ./framework/XCVR/MKW41Z4/cfgs_kw4x_3x_2x/fsl_xcvr_gfsk_bt_0p5_h_0p5_config.o
                0x00014004                gfsk_bt_0p5_h_0p5_mode_config
 .rodata.xcvr_GFSK_BT_0p5_h_0p5_1mbps_config
                0x0001404c       0x68 ./framework/XCVR/MKW41Z4/cfgs_kw4x_3x_2x/fsl_xcvr_gfsk_bt_0p5_h_0p5_config.o
                0x0001404c                xcvr_GFSK_BT_0p5_h_0p5_1mbps_config
 .rodata.xcvr_GFSK_BT_0p5_h_0p5_500kbps_config
                0x000140b4       0x68 ./framework/XCVR/MKW41Z4/cfgs_kw4x_3x_2x/fsl_xcvr_gfsk_bt_0p5_h_0p5_config.o
                0x000140b4                xcvr_GFSK_BT_0p5_h_0p5_500kbps_config
 .rodata.xcvr_GFSK_BT_0p5_h_0p5_250kbps_config
                0x0001411c       0x68 ./framework/XCVR/MKW41Z4/cfgs_kw4x_3x_2x/fsl_xcvr_gfsk_bt_0p5_h_0p5_config.o
                0x0001411c                xcvr_GFSK_BT_0p5_h_0p5_250kbps_config
 .rodata.gfsk_bt_0p5_h_0p7_mode_config
                0x00014184       0x48 ./framework/XCVR/MKW41Z4/cfgs_kw4x_3x_2x/fsl_xcvr_gfsk_bt_0p5_h_0p7_config.o
                0x00014184                gfsk_bt_0p5_h_0p7_mode_config
 .rodata.xcvr_GFSK_BT_0p5_h_0p7_1mbps_config
                0x000141cc       0x68 ./framework/XCVR/MKW41Z4/cfgs_kw4x_3x_2x/fsl_xcvr_gfsk_bt_0p5_h_0p7_config.o
                0x000141cc                xcvr_GFSK_BT_0p5_h_0p7_1mbps_config
 .rodata.xcvr_GFSK_BT_0p5_h_0p7_500kbps_config
                0x00014234       0x68 ./framework/XCVR/MKW41Z4/cfgs_kw4x_3x_2x/fsl_xcvr_gfsk_bt_0p5_h_0p7_config.o
                0x00014234                xcvr_GFSK_BT_0p5_h_0p7_500kbps_config
 .rodata.xcvr_GFSK_BT_0p5_h_0p7_250kbps_config
                0x0001429c       0x68 ./framework/XCVR/MKW41Z4/cfgs_kw4x_3x_2x/fsl_xcvr_gfsk_bt_0p5_h_0p7_config.o
                0x0001429c                xcvr_GFSK_BT_0p5_h_0p7_250kbps_config
 .rodata.gfsk_bt_0p5_h_1p0_mode_config
                0x00014304       0x48 ./framework/XCVR/MKW41Z4/cfgs_kw4x_3x_2x/fsl_xcvr_gfsk_bt_0p5_h_1p0_config.o
                0x00014304                gfsk_bt_0p5_h_1p0_mode_config
 .rodata.xcvr_GFSK_BT_0p5_h_1p0_1mbps_config
                0x0001434c       0x68 ./framework/XCVR/MKW41Z4/cfgs_kw4x_3x_2x/fsl_xcvr_gfsk_bt_0p5_h_1p0_config.o
                0x0001434c                xcvr_GFSK_BT_0p5_h_1p0_1mbps_config
 .rodata.xcvr_GFSK_BT_0p5_h_1p0_500kbps_config
                0x000143b4       0x68 ./framework/XCVR/MKW41Z4/cfgs_kw4x_3x_2x/fsl_xcvr_gfsk_bt_0p5_h_1p0_config.o
                0x000143b4                xcvr_GFSK_BT_0p5_h_1p0_500kbps_config
 .rodata.xcvr_GFSK_BT_0p5_h_1p0_250kbps_config
                0x0001441c       0x68 ./framework/XCVR/MKW41Z4/cfgs_kw4x_3x_2x/fsl_xcvr_gfsk_bt_0p5_h_1p0_config.o
                0x0001441c                xcvr_GFSK_BT_0p5_h_1p0_250kbps_config
 .rodata.gfsk_bt_0p7_h_0p5_mode_config
                0x00014484       0x48 ./framework/XCVR/MKW41Z4/cfgs_kw4x_3x_2x/fsl_xcvr_gfsk_bt_0p7_h_0p5_config.o
                0x00014484                gfsk_bt_0p7_h_0p5_mode_config
 .rodata.xcvr_GFSK_BT_0p7_h_0p5_1mbps_config
                0x000144cc       0x68 ./framework/XCVR/MKW41Z4/cfgs_kw4x_3x_2x/fsl_xcvr_gfsk_bt_0p7_h_0p5_config.o
                0x000144cc                xcvr_GFSK_BT_0p7_h_0p5_1mbps_config
 .rodata.xcvr_GFSK_BT_0p7_h_0p5_500kbps_config
                0x00014534       0x68 ./framework/XCVR/MKW41Z4/cfgs_kw4x_3x_2x/fsl_xcvr_gfsk_bt_0p7_h_0p5_config.o
                0x00014534                xcvr_GFSK_BT_0p7_h_0p5_500kbps_config
 .rodata.xcvr_GFSK_BT_0p7_h_0p5_250kbps_config
                0x0001459c       0x68 ./framework/XCVR/MKW41Z4/cfgs_kw4x_3x_2x/fsl_xcvr_gfsk_bt_0p7_h_0p5_config.o
                0x0001459c                xcvr_GFSK_BT_0p7_h_0p5_250kbps_config
 .rodata.xcvr_1mbps_config
                0x00014604       0x40 ./framework/XCVR/MKW41Z4/cfgs_kw4x_3x_2x/fsl_xcvr_mode_datarate_config.o
                0x00014604                xcvr_1mbps_config
 .rodata.xcvr_500kbps_config
                0x00014644       0x40 ./framework/XCVR/MKW41Z4/cfgs_kw4x_3x_2x/fsl_xcvr_mode_datarate_config.o
                0x00014644                xcvr_500kbps_config
 .rodata.xcvr_250kbps_config
                0x00014684       0x40 ./framework/XCVR/MKW41Z4/cfgs_kw4x_3x_2x/fsl_xcvr_mode_datarate_config.o
                0x00014684                xcvr_250kbps_config
 .rodata.msk_mode_config
                0x000146c4       0x48 ./framework/XCVR/MKW41Z4/cfgs_kw4x_3x_2x/fsl_xcvr_msk_config.o
                0x000146c4                msk_mode_config
 .rodata.xcvr_MSK_1mbps_config
                0x0001470c       0x68 ./framework/XCVR/MKW41Z4/cfgs_kw4x_3x_2x/fsl_xcvr_msk_config.o
                0x0001470c                xcvr_MSK_1mbps_config
 .rodata.xcvr_MSK_500kbps_config
                0x00014774       0x68 ./framework/XCVR/MKW41Z4/cfgs_kw4x_3x_2x/fsl_xcvr_msk_config.o
                0x00014774                xcvr_MSK_500kbps_config
 .rodata.xcvr_MSK_250kbps_config
                0x000147dc       0x68 ./framework/XCVR/MKW41Z4/cfgs_kw4x_3x_2x/fsl_xcvr_msk_config.o
                0x000147dc                xcvr_MSK_250kbps_config
 .rodata.zgbe_mode_config
                0x00014844       0x48 ./framework/XCVR/MKW41Z4/cfgs_kw4x_3x_2x/fsl_xcvr_zgbe_config.o
                0x00014844                zgbe_mode_config
 .rodata.xcvr_ZIGBEE_500kbps_config
                0x0001488c       0x68 ./framework/XCVR/MKW41Z4/cfgs_kw4x_3x_2x/fsl_xcvr_zgbe_config.o
                0x0001488c                xcvr_ZIGBEE_500kbps_config
 .rodata.xcvr_802_15_4_500kbps_config
                0x000148f4       0x40 ./framework/XCVR/MKW41Z4/cfgs_kw4x_3x_2x/fsl_xcvr_zgbe_config.o
                0x000148f4                xcvr_802_15_4_500kbps_config
 .rodata.mapTable
                0x00014934      0x400 ./framework/XCVR/MKW41Z4/fsl_xcvr.o
                0x00014934                mapTable
 .rodata.XCVR_GetDefaultConfig
                0x00014d34       0x28 ./framework/XCVR/MKW41Z4/fsl_xcvr.o
 .rodata.rx_bba_dcoc_dac_trim_DCest
                0x00014d5c       0x2c ./framework/XCVR/MKW41Z4/fsl_xcvr_trim.o
 .rodata.BLOCK_1_IFR
                0x00014d88       0x10 ./framework/XCVR/MKW41Z4/ifr_radio.o
                0x00014d88                BLOCK_1_IFR
 .rodata.mTpmConfig
                0x00014d98        0xa ./framework/TimersManager/Source/TMR_Adapter.o
 *fill*         0x00014da2        0x2 
 .rodata.Serial_InitInterface
                0x00014da4       0x2c ./framework/SerialManager/Source/SerialManager.o
 .rodata.gUseRtos_c
                0x00014dd0        0x1 ./framework/OSAbstraction/Source/fsl_os_abstraction_free_rtos.o
                0x00014dd0                gUseRtos_c
 *fill*         0x00014dd1        0x3 
 .rodata.osEventInfo
                0x00014dd4        0xc ./framework/OSAbstraction/Source/fsl_os_abstraction_free_rtos.o
                0x00014dd4                osEventInfo
 .rodata.maPortBases
                0x00014de0        0xc ./framework/GPIO/GPIO_Adapter.o
 .rodata.maGpioBases
                0x00014dec        0xc ./framework/GPIO/GPIO_Adapter.o
 .rodata.mProdDataIdentifier
                0x00014df8        0xa ./framework/Flash/Internal/Flash_Adapter.o
 *fill*         0x00014e02        0x2 
 .rodata.adcConfig
                0x00014e04        0x9 ./framework/DCDC/Source/DCDC.o
 *fill*         0x00014e0d        0x3 
 .rodata.vbatChanConfig
                0x00014e10        0x8 ./framework/DCDC/Source/DCDC.o
                0x00014e10                vbatChanConfig
 .rodata.bgapChanConfig
                0x00014e18        0x8 ./framework/DCDC/Source/DCDC.o
                0x00014e18                bgapChanConfig
 .rodata.fllFactorTable.5676
                0x00014e20       0x10 ./drivers/fsl_clock.o
 .rodata.s_tpmBases
                0x00014e30        0xc ./drivers/fsl_tpm.o
 .rodata.s_tpmClocks
                0x00014e3c        0xc ./drivers/fsl_tpm.o
 .rodata.trng_SetStatisticalCheckLimit
                0x00014e48       0x28 ./drivers/fsl_trng.o
 .rodata.mDcdcDefaultConfig
                0x00014e70       0x14 ./board/board.o
                0x00014e70                mDcdcDefaultConfig
 .rodata.simConfig_BOARD_BootClockRUN
                0x00014e84        0x8 ./board/clock_config.o
                0x00014e84                simConfig_BOARD_BootClockRUN
 .rodata._global_impure_ptr
                0x00014e8c        0x4 c:/nxp/mcuxpressoide_10.0.2_411/ide/tools/bin/../lib/gcc/arm-none-eabi/5.4.1/../../../../arm-none-eabi/lib/armv6-m\libc.a(lib_a-impure.o)
                0x00014e8c                _global_impure_ptr
 *(.glue_7)
 .glue_7        0x00014e90        0x0 linker stubs
 *(.glue_7t)
 .glue_7t       0x00014e90        0x0 linker stubs
 *(.eh_frame)
 .eh_frame      0x00014e90        0x0 c:/nxp/mcuxpressoide_10.0.2_411/ide/tools/bin/../lib/gcc/arm-none-eabi/5.4.1/armv6-m/crtbegin.o
 *(.init)
 .init          0x00014e90        0x4 c:/nxp/mcuxpressoide_10.0.2_411/ide/tools/bin/../lib/gcc/arm-none-eabi/5.4.1/armv6-m/crti.o
                0x00014e90                _init
 .init          0x00014e94        0x8 c:/nxp/mcuxpressoide_10.0.2_411/ide/tools/bin/../lib/gcc/arm-none-eabi/5.4.1/armv6-m/crtn.o
 *(.fini)
 .fini          0x00014e9c        0x4 c:/nxp/mcuxpressoide_10.0.2_411/ide/tools/bin/../lib/gcc/arm-none-eabi/5.4.1/armv6-m/crti.o
                0x00014e9c                _fini
 .fini          0x00014ea0        0x8 c:/nxp/mcuxpressoide_10.0.2_411/ide/tools/bin/../lib/gcc/arm-none-eabi/5.4.1/armv6-m/crtn.o
                0x00014ea8                . = ALIGN (0x4)

.vfp11_veneer   0x00014ea8        0x0
 .vfp11_veneer  0x00014ea8        0x0 linker stubs

.v4_bx          0x00014ea8        0x0
 .v4_bx         0x00014ea8        0x0 linker stubs

.iplt           0x00014ea8        0x0
 .iplt          0x00014ea8        0x0 c:/nxp/mcuxpressoide_10.0.2_411/ide/tools/bin/../lib/gcc/arm-none-eabi/5.4.1/armv6-m/crtbegin.o

.NVM_TABLE      0x00014ea8        0x0
                0x00014ea8                . = ALIGN (0x4)
                [!provide]                PROVIDE (__start_NVM_TABLE, .)
 *(.NVM_TABLE)
                [!provide]                PROVIDE (__stop_NVM_TABLE, .)
                0x00014ea8                . = ALIGN (0x4)

.VERSION_TAGS   0x00014ea8       0x18
                0x00014ea8                . = ALIGN (0x4)
                [!provide]                PROVIDE (__start_VERSION_TAGS, .)
 *(.VERSION_TAGS)
 .VERSION_TAGS  0x00014ea8        0xc ./genfsk/genfsk_utils.o
                0x00014ea8                GEN_FSK_VERSION
 .VERSION_TAGS  0x00014eb4        0xc ./framework/ModuleInfo/ModuleInfo.o
                0x00014eb4                FWK_VERSION
                [!provide]                PROVIDE (__stop_VERSION_TAGS, .)
                0x00014ec0                . = ALIGN (0x4)

.ARM.extab
 *(.ARM.extab* .gnu.linkonce.armextab.*)

.ARM            0x00014ec0        0x8
                0x00014ec0                __exidx_start = .
 *(.ARM.exidx*)
 .ARM.exidx     0x00014ec0        0x8 c:/nxp/mcuxpressoide_10.0.2_411/ide/tools/bin/../lib/gcc/arm-none-eabi/5.4.1/../../../../arm-none-eabi/lib/armv6-m/crt0.o
 .ARM.exidx     0x00014ec8        0x0 c:/nxp/mcuxpressoide_10.0.2_411/ide/tools/bin/../lib/gcc/arm-none-eabi/5.4.1/armv6-m\libgcc.a(_udivmoddi4.o)
                                  0x8 (size before relaxing)
                0x00014ec8                __exidx_end = .

.rel.dyn        0x00014ec8        0x0
 .rel.iplt      0x00014ec8        0x0 c:/nxp/mcuxpressoide_10.0.2_411/ide/tools/bin/../lib/gcc/arm-none-eabi/5.4.1/armv6-m/crtbegin.o

.ctors          0x00014ec8        0x0
                0x00014ec8                __CTOR_LIST__ = .
 *crtbegin.o(.ctors)
 *crtbegin?.o(.ctors)
 *(EXCLUDE_FILE(*crtend.o *crtend?.o) .ctors)
 *(SORT(.ctors.*))
 *(.ctors)
                0x00014ec8                __CTOR_END__ = .

.dtors          0x00014ec8        0x0
                0x00014ec8                __DTOR_LIST__ = .
 *crtbegin.o(.dtors)
 *crtbegin?.o(.dtors)
 *(EXCLUDE_FILE(*crtend.o *crtend?.o) .dtors)
 *(SORT(.dtors.*))
 *(.dtors)
                0x00014ec8                __DTOR_END__ = .

.preinit_array  0x00014ec8        0x0
                0x00014ec8                PROVIDE (__preinit_array_start, .)
 *(.preinit_array*)
                0x00014ec8                PROVIDE (__preinit_array_end, .)

.init_array     0x00014ec8        0x8
                0x00014ec8                PROVIDE (__init_array_start, .)
 *(SORT(.init_array.*))
 .init_array.00000
                0x00014ec8        0x4 c:/nxp/mcuxpressoide_10.0.2_411/ide/tools/bin/../lib/gcc/arm-none-eabi/5.4.1/../../../../arm-none-eabi/lib/armv6-m\libc.a(lib_a-__call_atexit.o)
 *(.init_array*)
 .init_array    0x00014ecc        0x4 c:/nxp/mcuxpressoide_10.0.2_411/ide/tools/bin/../lib/gcc/arm-none-eabi/5.4.1/armv6-m/crtbegin.o
                0x00014ed0                PROVIDE (__init_array_end, .)

.fini_array     0x00014ed0        0x4
                0x00014ed0                PROVIDE (__fini_array_start, .)
 *(SORT(.fini_array.*))
 *(.fini_array*)
 .fini_array    0x00014ed0        0x4 c:/nxp/mcuxpressoide_10.0.2_411/ide/tools/bin/../lib/gcc/arm-none-eabi/5.4.1/armv6-m/crtbegin.o
                0x00014ed4                PROVIDE (__fini_array_end, .)
                0x00014ed4                __etext = .
                0x00014ed4                __DATA_ROM = .

.mtb            0x1fff8000        0x0
                0x1fff8000                . = ALIGN (0x8)
                0x1fff8000                _mtb_start = .
 *(.mtb_buf)
                0x1fff8000                . = ALIGN (0x8)
                0x1fff8000                _mtb_end = .

.interrupts_ram
                0x1fff8000       0xc0
                0x1fff8000                . = ALIGN (0x4)
                0x1fff8000                __VECTOR_RAM__ = .
                0x1fff8000                __interrupts_ram_start__ = .
 *(.m_interrupts_ram)
                0x1fff80c0                . = (. + 0xc0)
 *fill*         0x1fff8000       0xc0 
                0x1fff80c0                . = ALIGN (0x4)
                0x1fff80c0                __interrupts_ram_end__ = .
                0x1fff8000                __VECTOR_RAM = __VECTOR_RAM__
                0x000000c0                __RAM_VECTOR_TABLE_SIZE_BYTES = (__interrupts_ram_end__ - __interrupts_ram_start__)

.data           0x1fff80c0      0x5ec load address 0x00014ed4
                0x1fff80c0                . = ALIGN (0x4)
                0x1fff80c0                __DATA_RAM = .
                0x1fff80c0                __data_start__ = .
 *(.data)
 .data          0x1fff80c0        0x4 C:\Users\Samuel Mott\Documents\RTSLab3\libs\lib_crypto_m0.a(SW_RNG.o)
 *(.data*)
 .data.pktConfig
                0x1fff80c4       0x10 ./source/genfsk.o
 .data.crcConfig
                0x1fff80d4       0x14 ./source/genfsk.o
 .data.whitenConfig
                0x1fff80e8       0x12 ./source/genfsk.o
 *fill*         0x1fff80fa        0x2 
 .data.ntwkAddr
                0x1fff80fc        0x8 ./source/genfsk.o
 .data.radioState
                0x1fff8104        0x1 ./source/genfsk.o
 .data.mGENFSK_IrqDisableCnt
                0x1fff8105        0x1 ./genfsk/genfsk_isr.o
 *fill*         0x1fff8106        0x2 
 .data.os_thread_def_GENFSK_Task
                0x1fff8108       0x20 ./genfsk/genfsk_ll.o
                0x1fff8108                os_thread_def_GENFSK_Task
 .data.mGenfskActiveInstance
                0x1fff8128        0x1 ./genfsk/genfsk_ll.o
                0x1fff8128                mGenfskActiveInstance
 .data.rxTimeoutTimer
                0x1fff8129        0x1 ./genfsk/genfsk_ll.o
                0x1fff8129                rxTimeoutTimer
 *fill*         0x1fff812a        0x2 
 .data.mGenFskVersionString
                0x1fff812c        0x4 ./genfsk/genfsk_utils.o
                0x1fff812c                mGenFskVersionString
 .data.uxCriticalNesting
                0x1fff8130        0x4 ./freertos/port.o
 .data.mode_configs_dr_1mbps
                0x1fff8134       0x28 ./framework/XCVR/MKW41Z4/fsl_xcvr.o
                0x1fff8134                mode_configs_dr_1mbps
 .data.mode_configs_dr_500kbps
                0x1fff815c       0x28 ./framework/XCVR/MKW41Z4/fsl_xcvr.o
                0x1fff815c                mode_configs_dr_500kbps
 .data.mode_configs_dr_250kbps
                0x1fff8184       0x28 ./framework/XCVR/MKW41Z4/fsl_xcvr.o
                0x1fff8184                mode_configs_dr_250kbps
 .data.mTpmBase
                0x1fff81ac        0xc ./framework/TimersManager/Source/TMR_Adapter.o
 .data.os_thread_def_TMR_Task
                0x1fff81b8       0x20 ./framework/TimersManager/Source/TimersManager.o
                0x1fff81b8                os_thread_def_TMR_Task
 .data.mLpuartBase
                0x1fff81d8        0x4 ./framework/SerialManager/Source/UART_Adapter/UART_Adapter.o
 .data.mLpuartIrqs
                0x1fff81dc        0x1 ./framework/SerialManager/Source/UART_Adapter/UART_Adapter.o
 *fill*         0x1fff81dd        0x3 
 .data.os_thread_def_SerialManagerTask
                0x1fff81e0       0x20 ./framework/SerialManager/Source/SerialManager.o
                0x1fff81e0                os_thread_def_SerialManagerTask
 .data.mPRNG_Requests
                0x1fff8200        0x4 ./framework/RNG/Source/RNG.o
 .data.os_thread_def_startup_task
                0x1fff8204       0x20 ./framework/OSAbstraction/Source/fsl_os_abstraction_free_rtos.o
                0x1fff8204                os_thread_def_startup_task
 .data.mFwkVersionString
                0x1fff8224        0x4 ./framework/ModuleInfo/ModuleInfo.o
 .data.poolInfo
                0x1fff8228       0x28 ./framework/MemManager/Source/MemManager.o
                0x1fff8228                poolInfo
 .data.mLEDTimerID
                0x1fff8250        0x1 ./framework/LED/Source/LED.o
 *fill*         0x1fff8251        0x3 
 .data.s_slowIrcFreq
                0x1fff8254        0x4 ./drivers/fsl_clock.o
 .data.s_fastIrcFreq
                0x1fff8258        0x4 ./drivers/fsl_clock.o
 .data.ledPins  0x1fff825c       0x19 ./board/gpio_pins.o
                0x1fff825c                ledPins
 *fill*         0x1fff8275        0x3 
 .data.SystemCoreClock
                0x1fff8278        0x4 ./CMSIS/system_MKW41Z4.o
                0x1fff8278                SystemCoreClock
 *fill*         0x1fff827c        0x4 
 .data.impure_data
                0x1fff8280      0x428 c:/nxp/mcuxpressoide_10.0.2_411/ide/tools/bin/../lib/gcc/arm-none-eabi/5.4.1/../../../../arm-none-eabi/lib/armv6-m\libc.a(lib_a-impure.o)
 *(.jcr*)
 .jcr           0x1fff86a8        0x0 c:/nxp/mcuxpressoide_10.0.2_411/ide/tools/bin/../lib/gcc/arm-none-eabi/5.4.1/armv6-m/crtbegin.o
 .jcr           0x1fff86a8        0x4 c:/nxp/mcuxpressoide_10.0.2_411/ide/tools/bin/../lib/gcc/arm-none-eabi/5.4.1/armv6-m/crtend.o
                0x1fff86ac                . = ALIGN (0x4)
                0x1fff86ac                __data_end__ = .
                0x000154c0                __DATA_END = (__DATA_ROM + (__data_end__ - __data_start__))
                0x0007f7ff                text_end = (ORIGIN (TEXT_region2) + LENGTH (TEXT_region2))
                0x00000001                ASSERT ((__DATA_END <= text_end), region m_text overflowed with text and data)

.igot.plt       0x1fff86ac        0x0 load address 0x000154c0
 .igot.plt      0x1fff86ac        0x0 c:/nxp/mcuxpressoide_10.0.2_411/ide/tools/bin/../lib/gcc/arm-none-eabi/5.4.1/armv6-m/crtbegin.o

.bss            0x1fff86b0     0x2c10 load address 0x000154c8
                0x1fff86b0                . = ALIGN (0x4)
                0x1fff86b0                __START_BSS = .
                0x1fff86b0                __bss_start__ = .
 *(.bss)
 .bss           0x1fff86b0       0x1c c:/nxp/mcuxpressoide_10.0.2_411/ide/tools/bin/../lib/gcc/arm-none-eabi/5.4.1/armv6-m/crtbegin.o
 *(.bss*)
 .bss.s_debugConsole
                0x1fff86cc       0x10 ./utilities/fsl_debug_console.o
 .bss.mAppSerId
                0x1fff86dc        0x1 ./source/genfsk.o
                0x1fff86dc                mAppSerId
 .bss.mAppTmrId
                0x1fff86dd        0x1 ./source/genfsk.o
                0x1fff86dd                mAppTmrId
 .bss.mAppGenfskId
                0x1fff86de        0x1 ./source/genfsk.o
                0x1fff86de                mAppGenfskId
 *fill*         0x1fff86df        0x1 
 .bss.gaConfigParams
                0x1fff86e0       0x8c ./source/genfsk.o
                0x1fff86e0                gaConfigParams
 .bss.gRxBuffer
                0x1fff876c        0x4 ./source/genfsk.o
 .bss.gTxBuffer
                0x1fff8770        0x4 ./source/genfsk.o
 .bss.gRxPacket
                0x1fff8774       0x10 ./source/genfsk.o
 .bss.gTxPacket
                0x1fff8784       0x10 ./source/genfsk.o
 .bss.pNotifyAppThread
                0x1fff8794        0x4 ./source/genfsk.o
 .bss.pTmrCallback
                0x1fff8798        0x4 ./source/genfsk.o
 .bss.radioConfig
                0x1fff879c        0x2 ./source/genfsk.o
 .bss.u16PacketIndex.6978
                0x1fff879e        0x2 ./source/genfsk.o
 .bss.u16Data.6977
                0x1fff87a0        0x2 ./source/genfsk.o
 *fill*         0x1fff87a2        0x2 
 .bss.i32RssiSum.6976
                0x1fff87a4        0x4 ./source/genfsk.o
 .bss.radioTxState.6988
                0x1fff87a8        0x1 ./source/genfsk.o
 *fill*         0x1fff87a9        0x3 
 .bss.microSecDelay.6989
                0x1fff87ac        0x4 ./source/genfsk.o
 .bss.u16PacketIndex.6990
                0x1fff87b0        0x2 ./source/genfsk.o
 .bss.platformInitialized